Archive member included to satisfy reference by file (symbol)

/opt/st/stm32cubeide_1.12.1/plugins/com.st.stm32cube.ide.mcu.externaltools.gnu-tools-for-stm32.10.3-2021.10.linux64_1.0.200.202301161003/tools/bin/../lib/gcc/arm-none-eabi/10.3.1/../../../../arm-none-eabi/lib/thumb/v7e-m+fp/hard/libm.a(lib_a-sf_ceil.o)
                              ./Core/Src/math_ops.o (ceilf)
/opt/st/stm32cubeide_1.12.1/plugins/com.st.stm32cube.ide.mcu.externaltools.gnu-tools-for-stm32.10.3-2021.10.linux64_1.0.200.202301161003/tools/bin/../lib/gcc/arm-none-eabi/10.3.1/../../../../arm-none-eabi/lib/thumb/v7e-m+fp/hard/libm.a(lib_a-sf_floor.o)
                              ./Core/Src/math_ops.o (floorf)
/opt/st/stm32cubeide_1.12.1/plugins/com.st.stm32cube.ide.mcu.externaltools.gnu-tools-for-stm32.10.3-2021.10.linux64_1.0.200.202301161003/tools/bin/../lib/gcc/arm-none-eabi/10.3.1/../../../../arm-none-eabi/lib/thumb/v7e-m+fp/hard/libm.a(lib_a-sf_fmax.o)
                              ./Core/Src/ForceSensor.o (fmaxf)
/opt/st/stm32cubeide_1.12.1/plugins/com.st.stm32cube.ide.mcu.externaltools.gnu-tools-for-stm32.10.3-2021.10.linux64_1.0.200.202301161003/tools/bin/../lib/gcc/arm-none-eabi/10.3.1/../../../../arm-none-eabi/lib/thumb/v7e-m+fp/hard/libm.a(lib_a-sf_fmin.o)
                              ./Core/Src/fingertip.o (fminf)
/opt/st/stm32cubeide_1.12.1/plugins/com.st.stm32cube.ide.mcu.externaltools.gnu-tools-for-stm32.10.3-2021.10.linux64_1.0.200.202301161003/tools/bin/../lib/gcc/arm-none-eabi/10.3.1/../../../../arm-none-eabi/lib/thumb/v7e-m+fp/hard/libm.a(lib_a-sf_fpclassify.o)
                              /opt/st/stm32cubeide_1.12.1/plugins/com.st.stm32cube.ide.mcu.externaltools.gnu-tools-for-stm32.10.3-2021.10.linux64_1.0.200.202301161003/tools/bin/../lib/gcc/arm-none-eabi/10.3.1/../../../../arm-none-eabi/lib/thumb/v7e-m+fp/hard/libm.a(lib_a-sf_fmax.o) (__fpclassifyf)
/opt/st/stm32cubeide_1.12.1/plugins/com.st.stm32cube.ide.mcu.externaltools.gnu-tools-for-stm32.10.3-2021.10.linux64_1.0.200.202301161003/tools/bin/../lib/gcc/arm-none-eabi/10.3.1/../../../../arm-none-eabi/lib/thumb/v7e-m+fp/hard/libm.a(lib_a-wf_sqrt.o)
                              ./Core/Src/math_ops.o (sqrtf)
/opt/st/stm32cubeide_1.12.1/plugins/com.st.stm32cube.ide.mcu.externaltools.gnu-tools-for-stm32.10.3-2021.10.linux64_1.0.200.202301161003/tools/bin/../lib/gcc/arm-none-eabi/10.3.1/../../../../arm-none-eabi/lib/thumb/v7e-m+fp/hard/libm.a(lib_a-ef_sqrt.o)
                              /opt/st/stm32cubeide_1.12.1/plugins/com.st.stm32cube.ide.mcu.externaltools.gnu-tools-for-stm32.10.3-2021.10.linux64_1.0.200.202301161003/tools/bin/../lib/gcc/arm-none-eabi/10.3.1/../../../../arm-none-eabi/lib/thumb/v7e-m+fp/hard/libm.a(lib_a-wf_sqrt.o) (__ieee754_sqrtf)
/opt/st/stm32cubeide_1.12.1/plugins/com.st.stm32cube.ide.mcu.externaltools.gnu-tools-for-stm32.10.3-2021.10.linux64_1.0.200.202301161003/tools/bin/../lib/gcc/arm-none-eabi/10.3.1/../../../../arm-none-eabi/lib/thumb/v7e-m+fp/hard/libc_nano.a(lib_a-errno.o)
                              ./Core/Src/syscalls.o (__errno)
/opt/st/stm32cubeide_1.12.1/plugins/com.st.stm32cube.ide.mcu.externaltools.gnu-tools-for-stm32.10.3-2021.10.linux64_1.0.200.202301161003/tools/bin/../lib/gcc/arm-none-eabi/10.3.1/../../../../arm-none-eabi/lib/thumb/v7e-m+fp/hard/libc_nano.a(lib_a-exit.o)
                              /opt/st/stm32cubeide_1.12.1/plugins/com.st.stm32cube.ide.mcu.externaltools.gnu-tools-for-stm32.10.3-2021.10.linux64_1.0.200.202301161003/tools/bin/../lib/gcc/arm-none-eabi/10.3.1/../../../../arm-none-eabi/lib/thumb/v7e-m+fp/hard/crt0.o (exit)
/opt/st/stm32cubeide_1.12.1/plugins/com.st.stm32cube.ide.mcu.externaltools.gnu-tools-for-stm32.10.3-2021.10.linux64_1.0.200.202301161003/tools/bin/../lib/gcc/arm-none-eabi/10.3.1/../../../../arm-none-eabi/lib/thumb/v7e-m+fp/hard/libc_nano.a(lib_a-impure.o)
                              /opt/st/stm32cubeide_1.12.1/plugins/com.st.stm32cube.ide.mcu.externaltools.gnu-tools-for-stm32.10.3-2021.10.linux64_1.0.200.202301161003/tools/bin/../lib/gcc/arm-none-eabi/10.3.1/../../../../arm-none-eabi/lib/thumb/v7e-m+fp/hard/libc_nano.a(lib_a-exit.o) (_global_impure_ptr)
/opt/st/stm32cubeide_1.12.1/plugins/com.st.stm32cube.ide.mcu.externaltools.gnu-tools-for-stm32.10.3-2021.10.linux64_1.0.200.202301161003/tools/bin/../lib/gcc/arm-none-eabi/10.3.1/../../../../arm-none-eabi/lib/thumb/v7e-m+fp/hard/libc_nano.a(lib_a-init.o)
                              /opt/st/stm32cubeide_1.12.1/plugins/com.st.stm32cube.ide.mcu.externaltools.gnu-tools-for-stm32.10.3-2021.10.linux64_1.0.200.202301161003/tools/bin/../lib/gcc/arm-none-eabi/10.3.1/../../../../arm-none-eabi/lib/thumb/v7e-m+fp/hard/crt0.o (__libc_init_array)
/opt/st/stm32cubeide_1.12.1/plugins/com.st.stm32cube.ide.mcu.externaltools.gnu-tools-for-stm32.10.3-2021.10.linux64_1.0.200.202301161003/tools/bin/../lib/gcc/arm-none-eabi/10.3.1/../../../../arm-none-eabi/lib/thumb/v7e-m+fp/hard/libc_nano.a(lib_a-memcpy-stub.o)
[...]
Memory Configuration

Name             Origin             Length             Attributes
CCMRAM           0x0000000010000000 0x0000000000001000 xrw
RAM              0x0000000020000000 0x0000000000003000 xrw
FLASH            0x0000000008000000 0x0000000000010000 xr
*default*        0x0000000000000000 0xffffffffffffffff

Linker script and memory map

LOAD /opt/st/stm32cubeide_1.12.1/plugins/com.st.stm32cube.ide.mcu.externaltools.gnu-tools-for-stm32.10.3-2021.10.linux64_1.0.200.202301161003/tools/bin/../lib/gcc/arm-none-eabi/10.3.1/thumb/v7e-m+fp/hard/crti.o
LOAD /opt/st/stm32cubeide_1.12.1/plugins/com.st.stm32cube.ide.mcu.externaltools.gnu-tools-for-stm32.10.3-2021.10.linux64_1.0.200.202301161003/tools/bin/../lib/gcc/arm-none-eabi/10.3.1/thumb/v7e-m+fp/hard/crtbegin.o
LOAD /opt/st/stm32cubeide_1.12.1/plugins/com.st.stm32cube.ide.mcu.externaltools.gnu-tools-for-stm32.10.3-2021.10.linux64_1.0.200.202301161003/tools/bin/../lib/gcc/arm-none-eabi/10.3.1/../../../../arm-none-eabi/lib/thumb/v7e-m+fp/hard/crt0.o
LOAD ./Core/Src/ForceSensor.o
LOAD ./Core/Src/VL6180X.o
LOAD ./Core/Src/bmp3.o
LOAD ./Core/Src/bmp3_funcs.o
LOAD ./Core/Src/can.o
LOAD ./Core/Src/fingertip.o
LOAD ./Core/Src/fingertip_net.o
LOAD ./Core/Src/gpio.o
LOAD ./Core/Src/i2c.o
LOAD ./Core/Src/main.o
LOAD ./Core/Src/math_ops.o
LOAD ./Core/Src/printing.o
LOAD ./Core/Src/spi.o
LOAD ./Core/Src/stm32f3xx_hal_msp.o
LOAD ./Core/Src/stm32f3xx_it.o
LOAD ./Core/Src/syscalls.o
LOAD ./Core/Src/sysmem.o
LOAD ./Core/Src/system_stm32f3xx.o
LOAD ./Core/Src/tim.o
LOAD ./Core/Src/usart.o
LOAD ./Core/Startup/startup_stm32f334k8ux.o
LOAD ./Drivers/STM32F3xx_HAL_Driver/Src/stm32f3xx_hal.o
LOAD ./Drivers/STM32F3xx_HAL_Driver/Src/stm32f3xx_hal_can.o
LOAD ./Drivers/STM32F3xx_HAL_Driver/Src/stm32f3xx_hal_cortex.o
LOAD ./Drivers/STM32F3xx_HAL_Driver/Src/stm32f3xx_hal_dma.o
LOAD ./Drivers/STM32F3xx_HAL_Driver/Src/stm32f3xx_hal_exti.o
LOAD ./Drivers/STM32F3xx_HAL_Driver/Src/stm32f3xx_hal_flash.o
LOAD ./Drivers/STM32F3xx_HAL_Driver/Src/stm32f3xx_hal_flash_ex.o
LOAD ./Drivers/STM32F3xx_HAL_Driver/Src/stm32f3xx_hal_gpio.o
LOAD ./Drivers/STM32F3xx_HAL_Driver/Src/stm32f3xx_hal_i2c.o
LOAD ./Drivers/STM32F3xx_HAL_Driver/Src/stm32f3xx_hal_i2c_ex.o
LOAD ./Drivers/STM32F3xx_HAL_Driver/Src/stm32f3xx_hal_pwr.o
LOAD ./Drivers/STM32F3xx_HAL_Driver/Src/stm32f3xx_hal_pwr_ex.o
LOAD ./Drivers/STM32F3xx_HAL_Driver/Src/stm32f3xx_hal_rcc.o
LOAD ./Drivers/STM32F3xx_HAL_Driver/Src/stm32f3xx_hal_rcc_ex.o
LOAD ./Drivers/STM32F3xx_HAL_Driver/Src/stm32f3xx_hal_spi.o
LOAD ./Drivers/STM32F3xx_HAL_Driver/Src/stm32f3xx_hal_spi_ex.o
LOAD ./Drivers/STM32F3xx_HAL_Driver/Src/stm32f3xx_hal_tim.o
LOAD ./Drivers/STM32F3xx_HAL_Driver/Src/stm32f3xx_hal_tim_ex.o
LOAD ./Drivers/STM32F3xx_HAL_Driver/Src/stm32f3xx_hal_uart.o
LOAD ./Drivers/STM32F3xx_HAL_Driver/Src/stm32f3xx_hal_uart_ex.o
START GROUP
LOAD /opt/st/stm32cubeide_1.12.1/plugins/com.st.stm32cube.ide.mcu.externaltools.gnu-tools-for-stm32.10.3-2021.10.linux64_1.0.200.202301161003/tools/bin/../lib/gcc/arm-none-eabi/10.3.1/../../../../arm-none-eabi/lib/thumb/v7e-m+fp/hard/libstdc++_nano.a
LOAD /opt/st/stm32cubeide_1.12.1/plugins/com.st.stm32cube.ide.mcu.externaltools.gnu-tools-for-stm32.10.3-2021.10.linux64_1.0.200.202301161003/tools/bin/../lib/gcc/arm-none-eabi/10.3.1/../../../../arm-none-eabi/lib/thumb/v7e-m+fp/hard/libsupc++_nano.a
END GROUP
LOAD /opt/st/stm32cubeide_1.12.1/plugins/com.st.stm32cube.ide.mcu.externaltools.gnu-tools-for-stm32.10.3-2021.10.linux64_1.0.200.202301161003/tools/bin/../lib/gcc/arm-none-eabi/10.3.1/../../../../arm-none-eabi/lib/thumb/v7e-m+fp/hard/libstdc++_nano.a
LOAD /opt/st/stm32cubeide_1.12.1/plugins/com.st.stm32cube.ide.mcu.externaltools.gnu-tools-for-stm32.10.3-2021.10.linux64_1.0.200.202301161003/tools/bin/../lib/gcc/arm-none-eabi/10.3.1/../../../../arm-none-eabi/lib/thumb/v7e-m+fp/hard/libm.a
LOAD /opt/st/stm32cubeide_1.12.1/plugins/com.st.stm32cube.ide.mcu.externaltools.gnu-tools-for-stm32.10.3-2021.10.linux64_1.0.200.202301161003/tools/bin/../lib/gcc/arm-none-eabi/10.3.1/../../../../arm-none-eabi/lib/thumb/v7e-m+fp/hard/libc_nano.a
START GROUP
LOAD /opt/st/stm32cubeide_1.12.1/plugins/com.st.stm32cube.ide.mcu.externaltools.gnu-tools-for-stm32.10.3-2021.10.linux64_1.0.200.202301161003/tools/bin/../lib/gcc/arm-none-eabi/10.3.1/thumb/v7e-m+fp/hard/libgcc.a
LOAD /opt/st/stm32cubeide_1.12.1/plugins/com.st.stm32cube.ide.mcu.externaltools.gnu-tools-for-stm32.10.3-2021.10.linux64_1.0.200.202301161003/tools/bin/../lib/gcc/arm-none-eabi/10.3.1/../../../../arm-none-eabi/lib/thumb/v7e-m+fp/hard/libc_nano.a
END GROUP
START GROUP
LOAD /opt/st/stm32cubeide_1.12.1/plugins/com.st.stm32cube.ide.mcu.externaltools.gnu-tools-for-stm32.10.3-2021.10.linux64_1.0.200.202301161003/tools/bin/../lib/gcc/arm-none-eabi/10.3.1/thumb/v7e-m+fp/hard/libgcc.a
LOAD /opt/st/stm32cubeide_1.12.1/plugins/com.st.stm32cube.ide.mcu.externaltools.gnu-tools-for-stm32.10.3-2021.10.linux64_1.0.200.202301161003/tools/bin/../lib/gcc/arm-none-eabi/10.3.1/../../../../arm-none-eabi/lib/thumb/v7e-m+fp/hard/libc_nano.a
LOAD /opt/st/stm32cubeide_1.12.1/plugins/com.st.stm32cube.ide.mcu.externaltools.gnu-tools-for-stm32.10.3-2021.10.linux64_1.0.200.202301161003/tools/bin/../lib/gcc/arm-none-eabi/10.3.1/../../../../arm-none-eabi/lib/thumb/v7e-m+fp/hard/libnosys.a
END GROUP
START GROUP
LOAD /opt/st/stm32cubeide_1.12.1/plugins/com.st.stm32cube.ide.mcu.externaltools.gnu-tools-for-stm32.10.3-2021.10.linux64_1.0.200.202301161003/tools/bin/../lib/gcc/arm-none-eabi/10.3.1/thumb/v7e-m+fp/hard/libgcc.a
LOAD /opt/st/stm32cubeide_1.12.1/plugins/com.st.stm32cube.ide.mcu.externaltools.gnu-tools-for-stm32.10.3-2021.10.linux64_1.0.200.202301161003/tools/bin/../lib/gcc/arm-none-eabi/10.3.1/../../../../arm-none-eabi/lib/thumb/v7e-m+fp/hard/libc_nano.a
LOAD /opt/st/stm32cubeide_1.12.1/plugins/com.st.stm32cube.ide.mcu.externaltools.gnu-tools-for-stm32.10.3-2021.10.linux64_1.0.200.202301161003/tools/bin/../lib/gcc/arm-none-eabi/10.3.1/../../../../arm-none-eabi/lib/thumb/v7e-m+fp/hard/libnosys.a
END GROUP
LOAD /opt/st/stm32cubeide_1.12.1/plugins/com.st.stm32cube.ide.mcu.externaltools.gnu-tools-for-stm32.10.3-2021.10.linux64_1.0.200.202301161003/tools/bin/../lib/gcc/arm-none-eabi/10.3.1/thumb/v7e-m+fp/hard/crtend.o
LOAD /opt/st/stm32cubeide_1.12.1/plugins/com.st.stm32cube.ide.mcu.externaltools.gnu-tools-for-stm32.10.3-2021.10.linux64_1.0.200.202301161003/tools/bin/../lib/gcc/arm-none-eabi/10.3.1/thumb/v7e-m+fp/hard/crtn.o
                0x0000000020003000                _estack = (ORIGIN (RAM) + LENGTH (RAM))
                0x0000000000000200                _Min_Heap_Size = 0x200
                0x0000000000000400                _Min_Stack_Size = 0x400

.isr_vector     0x0000000008000000      0x188
                0x0000000008000000                . = ALIGN (0x4)
 *(.isr_vector)
 .isr_vector    0x0000000008000000      0x188 ./Core/Startup/startup_stm32f334k8ux.o
                0x0000000008000000                g_pfnVectors
                0x0000000008000188                . = ALIGN (0x4)

.text           0x0000000008000190     0xa520
                0x0000000008000190                . = ALIGN (0x4)
 *(.text)
 .text          0x0000000008000190       0x40 /opt/st/stm32cubeide_1.12.1/plugins/com.st.stm32cube.ide.mcu.externaltools.gnu-tools-for-stm32.10.3-2021.10.linux64_1.0.200.202301161003/tools/bin/../lib/gcc/arm-none-eabi/10.3.1/thumb/v7e-m+fp/hard/crtbegin.o
 .text          0x00000000080001d0       0xa0 /opt/st/stm32cubeide_1.12.1/plugins/com.st.stm32cube.ide.mcu.externaltools.gnu-tools-for-stm32.10.3-2021.10.linux64_1.0.200.202301161003/tools/bin/../lib/gcc/arm-none-eabi/10.3.1/../../../../arm-none-eabi/lib/thumb/v7e-m+fp/hard/libc_nano.a(lib_a-memchr.o)
                0x00000000080001d0                memchr
 .text          0x0000000008000270      0x378 /opt/st/stm32cubeide_1.12.1/plugins/com.st.stm32cube.ide.mcu.externaltools.gnu-tools-for-stm32.10.3-2021.10.linux64_1.0.200.202301161003/tools/bin/../lib/gcc/arm-none-eabi/10.3.1/thumb/v7e-m+fp/hard/libgcc.a(_arm_addsubdf3.o)
                0x0000000008000270                __aeabi_drsub
                0x0000000008000278                __aeabi_dsub
                0x0000000008000278                __subdf3
                0x000000000800027c                __adddf3
                0x000000000800027c                __aeabi_dadd
                0x00000000080004f4                __aeabi_ui2d
                0x00000000080004f4                __floatunsidf
                0x0000000008000514                __floatsidf
                0x0000000008000514                __aeabi_i2d
                0x0000000008000538                __extendsfdf2
                0x0000000008000538                __aeabi_f2d
                0x000000000800057c                __aeabi_ul2d
                0x000000000800057c                __floatundidf
                0x000000000800058c                __floatdidf
                0x000000000800058c                __aeabi_l2d
 .text          0x00000000080005e8      0x424 /opt/st/stm32cubeide_1.12.1/plugins/com.st.stm32cube.ide.mcu.externaltools.gnu-tools-for-stm32.10.3-2021.10.linux64_1.0.200.202301161003/tools/bin/../lib/gcc/arm-none-eabi/10.3.1/thumb/v7e-m+fp/hard/libgcc.a(_arm_muldivdf3.o)
                0x00000000080005e8                __aeabi_dmul
                0x00000000080005e8                __muldf3
                0x000000000800083c                __aeabi_ddiv
                0x000000000800083c                __divdf3
 .text          0x0000000008000a0c       0x50 /opt/st/stm32cubeide_1.12.1/plugins/com.st.stm32cube.ide.mcu.externaltools.gnu-tools-for-stm32.10.3-2021.10.linux64_1.0.200.202301161003/tools/bin/../lib/gcc/arm-none-eabi/10.3.1/thumb/v7e-m+fp/hard/libgcc.a(_arm_fixdfsi.o)
                0x0000000008000a0c                __fixdfsi
                0x0000000008000a0c                __aeabi_d2iz
 .text          0x0000000008000a5c       0x40 /opt/st/stm32cubeide_1.12.1/plugins/com.st.stm32cube.ide.mcu.externaltools.gnu-tools-for-stm32.10.3-2021.10.linux64_1.0.200.202301161003/tools/bin/../lib/gcc/arm-none-eabi/10.3.1/thumb/v7e-m+fp/hard/libgcc.a(_arm_fixunsdfsi.o)
                0x0000000008000a5c                __fixunsdfsi
                0x0000000008000a5c                __aeabi_d2uiz
 .text          0x0000000008000a9c       0xa0 /opt/st/stm32cubeide_1.12.1/plugins/com.st.stm32cube.ide.mcu.externaltools.gnu-tools-for-stm32.10.3-2021.10.linux64_1.0.200.202301161003/tools/bin/../lib/gcc/arm-none-eabi/10.3.1/thumb/v7e-m+fp/hard/libgcc.a(_arm_truncdfsf2.o)
                0x0000000008000a9c                __aeabi_d2f
                0x0000000008000a9c                __truncdfsf2
 *(.text*)
 .text._ZN11ForceSensorC2Ev
                0x0000000008000b3c       0x1e ./Core/Src/ForceSensor.o
                0x0000000008000b3c                ForceSensor::ForceSensor()
                0x0000000008000b3c                ForceSensor::ForceSensor()
 .text._ZN11ForceSensor10InitializeEv
                0x0000000008000b5a       0xf0 ./Core/Src/ForceSensor.o
                0x0000000008000b5a                ForceSensor::Initialize()
 *fill*         0x0000000008000c4a        0x2 
 .text._ZN11ForceSensor10config_devEP8bmp3_dev
                0x0000000008000c4c       0xa8 ./Core/Src/ForceSensor.o
                0x0000000008000c4c                ForceSensor::config_dev(bmp3_dev*)
 .text._ZN11ForceSensor6SampleEv
                0x0000000008000cf4      0x230 ./Core/Src/ForceSensor.o
                0x0000000008000cf4                ForceSensor::Sample()
 .text._ZN7VL6180XD2Ev
                0x0000000008000f24       0x16 ./Core/Src/VL6180X.o
                0x0000000008000f24                VL6180X::~VL6180X()
                0x0000000008000f24                VL6180X::~VL6180X()
 .text._ZN7VL6180XC2Ei
                0x0000000008000f3a       0x1e ./Core/Src/VL6180X.o
                0x0000000008000f3a                VL6180X::VL6180X(int)
                0x0000000008000f3a                VL6180X::VL6180X(int)
 .text._ZN7VL6180X5beginEP19__I2C_HandleTypeDef
                0x0000000008000f58       0x62 ./Core/Src/VL6180X.o
                0x0000000008000f58                VL6180X::begin(__I2C_HandleTypeDef*)
 .text._ZN7VL6180X13setNewAddressEh
                0x0000000008000fba       0x2a ./Core/Src/VL6180X.o
                0x0000000008000fba                VL6180X::setNewAddress(unsigned char)
 .text._ZN7VL6180X12loadSettingsEv
                0x0000000008000fe4      0x1ac ./Core/Src/VL6180X.o
                0x0000000008000fe4                VL6180X::loadSettings()
 .text._ZN7VL6180X15isRangeCompleteEv
                0x0000000008001190       0x32 ./Core/Src/VL6180X.o
                0x0000000008001190                VL6180X::isRangeComplete()
 .text._ZN7VL6180X15readRangeResultEv
                0x00000000080011c2       0x28 ./Core/Src/VL6180X.o
                0x00000000080011c2                VL6180X::readRangeResult()
 *fill*         0x00000000080011ea        0x2 
 .text._ZN7VL6180X20startRangeContinuousEt
                0x00000000080011ec       0x5c ./Core/Src/VL6180X.o
                0x00000000080011ec                VL6180X::startRangeContinuous(unsigned short)
 .text._ZN7VL6180X13readRangeModeEv
                0x0000000008001248       0x1a ./Core/Src/VL6180X.o
                0x0000000008001248                VL6180X::readRangeMode()
 .text._ZN7VL6180X5read8Et
                0x0000000008001262       0x68 ./Core/Src/VL6180X.o
                0x0000000008001262                VL6180X::read8(unsigned short)
 .text._ZN7VL6180X6write8Eth
                0x00000000080012ca       0x4a ./Core/Src/VL6180X.o
                0x00000000080012ca                VL6180X::write8(unsigned short, unsigned char)
 .text.bmp3_init
                0x0000000008001314       0x88 ./Core/Src/bmp3.o
                0x0000000008001314                bmp3_init
 .text.bmp3_get_regs
                0x000000000800139c      0x106 ./Core/Src/bmp3.o
                0x000000000800139c                bmp3_get_regs
 .text.bmp3_set_regs
                0x00000000080014a2      0x124 ./Core/Src/bmp3.o
                0x00000000080014a2                bmp3_set_regs
 .text.bmp3_set_sensor_settings
                0x00000000080015c6       0xac ./Core/Src/bmp3.o
                0x00000000080015c6                bmp3_set_sensor_settings
 .text.bmp3_get_sensor_settings
                0x0000000008001672       0x4c ./Core/Src/bmp3.o
                0x0000000008001672                bmp3_get_sensor_settings
 .text.bmp3_soft_reset
                0x00000000080016be       0xa8 ./Core/Src/bmp3.o
                0x00000000080016be                bmp3_soft_reset
 .text.bmp3_set_op_mode
                0x0000000008001766       0x80 ./Core/Src/bmp3.o
                0x0000000008001766                bmp3_set_op_mode
 .text.bmp3_get_op_mode
                0x00000000080017e6       0x4a ./Core/Src/bmp3.o
                0x00000000080017e6                bmp3_get_op_mode
 .text.bmp3_get_sensor_data
                0x0000000008001830       0x88 ./Core/Src/bmp3.o
                0x0000000008001830                bmp3_get_sensor_data
 .text.set_normal_mode
                0x00000000080018b8       0x60 ./Core/Src/bmp3.o
 .text.write_power_mode
                0x0000000008001918       0x6c ./Core/Src/bmp3.o
 .text.put_device_to_sleep
                0x0000000008001984       0x50 ./Core/Src/bmp3.o
 .text.validate_normal_mode_settings
                0x00000000080019d4       0x30 ./Core/Src/bmp3.o
 .text.get_calib_data
                0x0000000008001a04       0x4a ./Core/Src/bmp3.o
 .text.interleave_reg_addr
                0x0000000008001a4e       0x58 ./Core/Src/bmp3.o
 .text.parse_sett_data
                0x0000000008001aa6       0x4e ./Core/Src/bmp3.o
 .text.parse_int_ctrl_settings
                0x0000000008001af4       0x5a ./Core/Src/bmp3.o
 .text.parse_advance_settings
                0x0000000008001b4e       0x3a ./Core/Src/bmp3.o
 .text.parse_pwr_ctrl_settings
                0x0000000008001b88       0x48 ./Core/Src/bmp3.o
 .text.parse_odr_filter_settings
                0x0000000008001bd0       0x76 ./Core/Src/bmp3.o
 .text.set_pwr_ctrl_settings
                0x0000000008001c46       0x9e ./Core/Src/bmp3.o
 .text.set_odr_filter_settings
                0x0000000008001ce4       0xd8 ./Core/Src/bmp3.o
 .text.set_int_ctrl_settings
                0x0000000008001dbc       0xf2 ./Core/Src/bmp3.o
 .text.set_advance_settings
                0x0000000008001eae       0xa4 ./Core/Src/bmp3.o
 .text.get_odr_filter_settings
                0x0000000008001f52       0x38 ./Core/Src/bmp3.o
 *fill*         0x0000000008001f8a        0x2 
 .text.validate_osr_and_odr_settings
                0x0000000008001f8c       0x84 ./Core/Src/bmp3.o
 .text.verify_meas_time_and_odr_duration
                0x0000000008002010       0x2e ./Core/Src/bmp3.o
 *fill*         0x000000000800203e        0x2 
 .text.calculate_press_meas_time
                0x0000000008002040       0x84 ./Core/Src/bmp3.o
 .text.calculate_temp_meas_time
                0x00000000080020c4       0x80 ./Core/Src/bmp3.o
 .text.fill_osr_data
                0x0000000008002144       0xb0 ./Core/Src/bmp3.o
 .text.fill_odr_data
                0x00000000080021f4       0x74 ./Core/Src/bmp3.o
 .text.fill_filter_data
                0x0000000008002268       0x6c ./Core/Src/bmp3.o
 .text.parse_sensor_data
                0x00000000080022d4       0x68 ./Core/Src/bmp3.o
 .text.compensate_data
                0x000000000800233c       0x78 ./Core/Src/bmp3.o
 .text.parse_calib_data
                0x00000000080023b4      0x390 ./Core/Src/bmp3.o
 .text.compensate_temperature
                0x0000000008002744       0x8e ./Core/Src/bmp3.o
 .text.compensate_pressure
                0x00000000080027d2      0x242 ./Core/Src/bmp3.o
 .text.bmp3_pow
                0x0000000008002a14       0x54 ./Core/Src/bmp3.o
 .text.are_settings_changed
                0x0000000008002a68       0x30 ./Core/Src/bmp3.o
 .text.null_ptr_check
                0x0000000008002a98       0x40 ./Core/Src/bmp3.o
 .text._Z8writeLowh
                0x0000000008002ad8       0xb4 ./Core/Src/bmp3_funcs.o
                0x0000000008002ad8                writeLow(unsigned char)
 .text._Z9writeHighh
                0x0000000008002b8c       0xb4 ./Core/Src/bmp3_funcs.o
                0x0000000008002b8c                writeHigh(unsigned char)
 .text._Z13bmp_spi1_readhhPht
                0x0000000008002c40       0x50 ./Core/Src/bmp3_funcs.o
                0x0000000008002c40                bmp_spi1_read(unsigned char, unsigned char, unsigned char*, unsigned short)
 .text._Z14bmp_spi1_writehhPht
                0x0000000008002c90       0x80 ./Core/Src/bmp3_funcs.o
                0x0000000008002c90                bmp_spi1_write(unsigned char, unsigned char, unsigned char*, unsigned short)
 .text._Z12bmp_delay_msm
                0x0000000008002d10       0x16 ./Core/Src/bmp3_funcs.o
                0x0000000008002d10                bmp_delay_ms(unsigned long)
 *fill*         0x0000000008002d26        0x2 
 .text.MX_CAN_Init
                0x0000000008002d28       0x6c ./Core/Src/can.o
                0x0000000008002d28                MX_CAN_Init
 .text.HAL_CAN_MspInit
                0x0000000008002d94       0xb4 ./Core/Src/can.o
                0x0000000008002d94                HAL_CAN_MspInit
 .text._Z19pack_pressure_replyPhS_S_S_P11ForceSensor
                0x0000000008002e48      0x1c2 ./Core/Src/fingertip.o
                0x0000000008002e48                pack_pressure_reply(unsigned char*, unsigned char*, unsigned char*, unsigned char*, ForceSensor*)
 *fill*         0x000000000800300a        0x2 
 .text._Z16pack_force_replyPhP11ForceSensor
                0x000000000800300c      0x1d0 ./Core/Src/fingertip.o
                0x000000000800300c                pack_force_reply(unsigned char*, ForceSensor*)
 .text._Z14pack_tof_replyPh
                0x00000000080031dc       0x54 ./Core/Src/fingertip.o
                0x00000000080031dc                pack_tof_reply(unsigned char*)
 .text.fingertip_main
                0x0000000008003230      0x648 ./Core/Src/fingertip.o
                0x0000000008003230                fingertip_main
 .text._Z41__static_initialization_and_destruction_0ii
                0x0000000008003878       0x98 ./Core/Src/fingertip.o
 .text._GLOBAL__sub_I_pressure_raw
                0x0000000008003910       0x10 ./Core/Src/fingertip.o
 .text._GLOBAL__sub_D_pressure_raw
                0x0000000008003920       0x10 ./Core/Src/fingertip.o
 .text.MX_GPIO_Init
                0x0000000008003930       0xec ./Core/Src/gpio.o
                0x0000000008003930                MX_GPIO_Init
 .text.MX_I2C1_Init
                0x0000000008003a1c       0x7c ./Core/Src/i2c.o
                0x0000000008003a1c                MX_I2C1_Init
 .text.HAL_I2C_MspInit
                0x0000000008003a98       0x88 ./Core/Src/i2c.o
                0x0000000008003a98                HAL_I2C_MspInit
 .text.main     0x0000000008003b20       0x58 ./Core/Src/main.o
                0x0000000008003b20                main
 .text.SystemClock_Config
                0x0000000008003b78       0xb6 ./Core/Src/main.o
                0x0000000008003b78                SystemClock_Config
 .text.Error_Handler
                0x0000000008003c2e        0xa ./Core/Src/main.o
                0x0000000008003c2e                Error_Handler
 .text._Z13float_to_uintfffi
                0x0000000008003c38       0x66 ./Core/Src/math_ops.o
                0x0000000008003c38                float_to_uint(float, float, float, int)
 *fill*         0x0000000008003c9e        0x2 
 .text.__io_putchar
                0x0000000008003ca0       0x24 ./Core/Src/printing.o
                0x0000000008003ca0                __io_putchar
 .text.MX_SPI1_Init
                0x0000000008003cc4       0x7c ./Core/Src/spi.o
                0x0000000008003cc4                MX_SPI1_Init
 .text.HAL_SPI_MspInit
                0x0000000008003d40       0x84 ./Core/Src/spi.o
                0x0000000008003d40                HAL_SPI_MspInit
 .text.HAL_MspInit
                0x0000000008003dc4       0x48 ./Core/Src/stm32f3xx_hal_msp.o
                0x0000000008003dc4                HAL_MspInit
 .text.NMI_Handler
                0x0000000008003e0c        0x6 ./Core/Src/stm32f3xx_it.o
                0x0000000008003e0c                NMI_Handler
 .text.HardFault_Handler
                0x0000000008003e12        0x6 ./Core/Src/stm32f3xx_it.o
                0x0000000008003e12                HardFault_Handler
 .text.MemManage_Handler
                0x0000000008003e18        0x6 ./Core/Src/stm32f3xx_it.o
                0x0000000008003e18                MemManage_Handler
 .text.BusFault_Handler
                0x0000000008003e1e        0x6 ./Core/Src/stm32f3xx_it.o
                0x0000000008003e1e                BusFault_Handler
 .text.UsageFault_Handler
                0x0000000008003e24        0x6 ./Core/Src/stm32f3xx_it.o
                0x0000000008003e24                UsageFault_Handler
 .text.SVC_Handler
                0x0000000008003e2a        0xe ./Core/Src/stm32f3xx_it.o
                0x0000000008003e2a                SVC_Handler
 .text.DebugMon_Handler
                0x0000000008003e38        0xe ./Core/Src/stm32f3xx_it.o
                0x0000000008003e38                DebugMon_Handler
 .text.PendSV_Handler
                0x0000000008003e46        0xe ./Core/Src/stm32f3xx_it.o
                0x0000000008003e46                PendSV_Handler
 .text.SysTick_Handler
                0x0000000008003e54        0xc ./Core/Src/stm32f3xx_it.o
                0x0000000008003e54                SysTick_Handler
 .text.CAN_TX_IRQHandler
                0x0000000008003e60       0x14 ./Core/Src/stm32f3xx_it.o
                0x0000000008003e60                CAN_TX_IRQHandler
 .text.TIM2_IRQHandler
                0x0000000008003e74       0x14 ./Core/Src/stm32f3xx_it.o
                0x0000000008003e74                TIM2_IRQHandler
 .text.TIM3_IRQHandler
                0x0000000008003e88       0x14 ./Core/Src/stm32f3xx_it.o
                0x0000000008003e88                TIM3_IRQHandler
 .text._read    0x0000000008003e9c       0x3a ./Core/Src/syscalls.o
                0x0000000008003e9c                _read
 .text._write   0x0000000008003ed6       0x38 ./Core/Src/syscalls.o
                0x0000000008003ed6                _write
 .text._close   0x0000000008003f0e       0x18 ./Core/Src/syscalls.o
                0x0000000008003f0e                _close
 .text._fstat   0x0000000008003f26       0x20 ./Core/Src/syscalls.o
                0x0000000008003f26                _fstat
 .text._isatty  0x0000000008003f46       0x16 ./Core/Src/syscalls.o
                0x0000000008003f46                _isatty
 .text._lseek   0x0000000008003f5c       0x1a ./Core/Src/syscalls.o
                0x0000000008003f5c                _lseek
 *fill*         0x0000000008003f76        0x2 
 .text._sbrk    0x0000000008003f78       0x6c ./Core/Src/sysmem.o
                0x0000000008003f78                _sbrk
 .text.SystemInit
                0x0000000008003fe4       0x24 ./Core/Src/system_stm32f3xx.o
                0x0000000008003fe4                SystemInit
 .text.MX_TIM2_Init
                0x0000000008004008       0x9c ./Core/Src/tim.o
                0x0000000008004008                MX_TIM2_Init
 .text.MX_TIM3_Init
                0x00000000080040a4       0x9c ./Core/Src/tim.o
                0x00000000080040a4                MX_TIM3_Init
 .text.MX_TIM15_Init
                0x0000000008004140       0xa4 ./Core/Src/tim.o
                0x0000000008004140                MX_TIM15_Init
 .text.HAL_TIM_Base_MspInit
                0x00000000080041e4       0xa8 ./Core/Src/tim.o
                0x00000000080041e4                HAL_TIM_Base_MspInit
 .text.delay_us
                0x000000000800428c       0x34 ./Core/Src/tim.o
                0x000000000800428c                delay_us
 .text.HAL_TIM_PeriodElapsedCallback
                0x00000000080042c0       0x28 ./Core/Src/tim.o
                0x00000000080042c0                HAL_TIM_PeriodElapsedCallback
 .text.MX_USART1_UART_Init
                0x00000000080042e8       0x60 ./Core/Src/usart.o
                0x00000000080042e8                MX_USART1_UART_Init
 .text.HAL_UART_MspInit
                0x0000000008004348       0x88 ./Core/Src/usart.o
                0x0000000008004348                HAL_UART_MspInit
 .text.Reset_Handler
                0x00000000080043d0       0x50 ./Core/Startup/startup_stm32f334k8ux.o
                0x00000000080043d0                Reset_Handler
 .text.Default_Handler
                0x0000000008004420        0x2 ./Core/Startup/startup_stm32f334k8ux.o
                0x0000000008004420                RTC_Alarm_IRQHandler
                0x0000000008004420                HRTIM1_Master_IRQHandler
                0x0000000008004420                TIM1_CC_IRQHandler
                0x0000000008004420                HRTIM1_FLT_IRQHandler
                0x0000000008004420                PVD_IRQHandler
                0x0000000008004420                HRTIM1_TIMD_IRQHandler
                0x0000000008004420                TAMP_STAMP_IRQHandler
                0x0000000008004420                EXTI3_IRQHandler
                0x0000000008004420                EXTI0_IRQHandler
                0x0000000008004420                FPU_IRQHandler
                0x0000000008004420                TIM1_UP_TIM16_IRQHandler
                0x0000000008004420                ADC1_2_IRQHandler
                0x0000000008004420                HRTIM1_TIME_IRQHandler
                0x0000000008004420                SPI1_IRQHandler
                0x0000000008004420                CAN_SCE_IRQHandler
                0x0000000008004420                HRTIM1_TIMC_IRQHandler
                0x0000000008004420                DMA1_Channel4_IRQHandler
                0x0000000008004420                USART3_IRQHandler
                0x0000000008004420                DMA1_Channel7_IRQHandler
                0x0000000008004420                TIM7_DAC2_IRQHandler
                0x0000000008004420                CAN_RX1_IRQHandler
                0x0000000008004420                I2C1_EV_IRQHandler
                0x0000000008004420                DMA1_Channel6_IRQHandler
                0x0000000008004420                RCC_IRQHandler
                0x0000000008004420                DMA1_Channel1_IRQHandler
                0x0000000008004420                Default_Handler
                0x0000000008004420                EXTI15_10_IRQHandler
                0x0000000008004420                COMP2_IRQHandler
                0x0000000008004420                HRTIM1_TIMA_IRQHandler
                0x0000000008004420                TIM6_DAC1_IRQHandler
                0x0000000008004420                EXTI9_5_IRQHandler
                0x0000000008004420                RTC_WKUP_IRQHandler
                0x0000000008004420                DMA1_Channel5_IRQHandler
                0x0000000008004420                EXTI4_IRQHandler
                0x0000000008004420                HRTIM1_TIMB_IRQHandler
                0x0000000008004420                TIM1_TRG_COM_TIM17_IRQHandler
                0x0000000008004420                DMA1_Channel3_IRQHandler
                0x0000000008004420                WWDG_IRQHandler
                0x0000000008004420                EXTI1_IRQHandler
                0x0000000008004420                COMP4_6_IRQHandler
                0x0000000008004420                USART2_IRQHandler
                0x0000000008004420                DMA1_Channel2_IRQHandler
                0x0000000008004420                FLASH_IRQHandler
                0x0000000008004420                USART1_IRQHandler
                0x0000000008004420                CAN_RX0_IRQHandler
                0x0000000008004420                I2C1_ER_IRQHandler
                0x0000000008004420                EXTI2_TSC_IRQHandler
                0x0000000008004420                TIM1_BRK_TIM15_IRQHandler
 *fill*         0x0000000008004422        0x2 
 .text.HAL_Init
                0x0000000008004424       0x2c ./Drivers/STM32F3xx_HAL_Driver/Src/stm32f3xx_hal.o
                0x0000000008004424                HAL_Init
 .text.HAL_InitTick
                0x0000000008004450       0x60 ./Drivers/STM32F3xx_HAL_Driver/Src/stm32f3xx_hal.o
                0x0000000008004450                HAL_InitTick
 .text.HAL_IncTick
                0x00000000080044b0       0x28 ./Drivers/STM32F3xx_HAL_Driver/Src/stm32f3xx_hal.o
                0x00000000080044b0                HAL_IncTick
 .text.HAL_GetTick
                0x00000000080044d8       0x18 ./Drivers/STM32F3xx_HAL_Driver/Src/stm32f3xx_hal.o
                0x00000000080044d8                HAL_GetTick
 .text.HAL_Delay
                0x00000000080044f0       0x48 ./Drivers/STM32F3xx_HAL_Driver/Src/stm32f3xx_hal.o
                0x00000000080044f0                HAL_Delay
 .text.HAL_CAN_Init
                0x0000000008004538      0x1f6 ./Drivers/STM32F3xx_HAL_Driver/Src/stm32f3xx_hal_can.o
                0x0000000008004538                HAL_CAN_Init
 .text.HAL_CAN_Start
                0x000000000800472e       0x88 ./Drivers/STM32F3xx_HAL_Driver/Src/stm32f3xx_hal_can.o
                0x000000000800472e                HAL_CAN_Start
 .text.HAL_CAN_AddTxMessage
                0x00000000080047b6      0x1a0 ./Drivers/STM32F3xx_HAL_Driver/Src/stm32f3xx_hal_can.o
                0x00000000080047b6                HAL_CAN_AddTxMessage
 .text.HAL_CAN_IsTxMessagePending
                0x0000000008004956       0x48 ./Drivers/STM32F3xx_HAL_Driver/Src/stm32f3xx_hal_can.o
                0x0000000008004956                HAL_CAN_IsTxMessagePending
 .text.HAL_CAN_IRQHandler
                0x000000000800499e      0x36e ./Drivers/STM32F3xx_HAL_Driver/Src/stm32f3xx_hal_can.o
                0x000000000800499e                HAL_CAN_IRQHandler
 .text.HAL_CAN_TxMailbox0CompleteCallback
                0x0000000008004d0c       0x14 ./Drivers/STM32F3xx_HAL_Driver/Src/stm32f3xx_hal_can.o
                0x0000000008004d0c                HAL_CAN_TxMailbox0CompleteCallback
 .text.HAL_CAN_TxMailbox1CompleteCallback
                0x0000000008004d20       0x14 ./Drivers/STM32F3xx_HAL_Driver/Src/stm32f3xx_hal_can.o
                0x0000000008004d20                HAL_CAN_TxMailbox1CompleteCallback
 .text.HAL_CAN_TxMailbox2CompleteCallback
                0x0000000008004d34       0x14 ./Drivers/STM32F3xx_HAL_Driver/Src/stm32f3xx_hal_can.o
                0x0000000008004d34                HAL_CAN_TxMailbox2CompleteCallback
 .text.HAL_CAN_TxMailbox0AbortCallback
                0x0000000008004d48       0x14 ./Drivers/STM32F3xx_HAL_Driver/Src/stm32f3xx_hal_can.o
                0x0000000008004d48                HAL_CAN_TxMailbox0AbortCallback
 .text.HAL_CAN_TxMailbox1AbortCallback
                0x0000000008004d5c       0x14 ./Drivers/STM32F3xx_HAL_Driver/Src/stm32f3xx_hal_can.o
                0x0000000008004d5c                HAL_CAN_TxMailbox1AbortCallback
 .text.HAL_CAN_TxMailbox2AbortCallback
                0x0000000008004d70       0x14 ./Drivers/STM32F3xx_HAL_Driver/Src/stm32f3xx_hal_can.o
                0x0000000008004d70                HAL_CAN_TxMailbox2AbortCallback
 .text.HAL_CAN_RxFifo0MsgPendingCallback
                0x0000000008004d84       0x14 ./Drivers/STM32F3xx_HAL_Driver/Src/stm32f3xx_hal_can.o
                0x0000000008004d84                HAL_CAN_RxFifo0MsgPendingCallback
 .text.HAL_CAN_RxFifo0FullCallback
                0x0000000008004d98       0x14 ./Drivers/STM32F3xx_HAL_Driver/Src/stm32f3xx_hal_can.o
                0x0000000008004d98                HAL_CAN_RxFifo0FullCallback
 .text.HAL_CAN_RxFifo1MsgPendingCallback
                0x0000000008004dac       0x14 ./Drivers/STM32F3xx_HAL_Driver/Src/stm32f3xx_hal_can.o
                0x0000000008004dac                HAL_CAN_RxFifo1MsgPendingCallback
 .text.HAL_CAN_RxFifo1FullCallback
                0x0000000008004dc0       0x14 ./Drivers/STM32F3xx_HAL_Driver/Src/stm32f3xx_hal_can.o
                0x0000000008004dc0                HAL_CAN_RxFifo1FullCallback
 .text.HAL_CAN_SleepCallback
                0x0000000008004dd4       0x14 ./Drivers/STM32F3xx_HAL_Driver/Src/stm32f3xx_hal_can.o
                0x0000000008004dd4                HAL_CAN_SleepCallback
 .text.HAL_CAN_WakeUpFromRxMsgCallback
                0x0000000008004de8       0x14 ./Drivers/STM32F3xx_HAL_Driver/Src/stm32f3xx_hal_can.o
                0x0000000008004de8                HAL_CAN_WakeUpFromRxMsgCallback
 .text.HAL_CAN_ErrorCallback
                0x0000000008004dfc       0x14 ./Drivers/STM32F3xx_HAL_Driver/Src/stm32f3xx_hal_can.o
                0x0000000008004dfc                HAL_CAN_ErrorCallback
 .text.__NVIC_SetPriorityGrouping
                0x0000000008004e10       0x48 ./Drivers/STM32F3xx_HAL_Driver/Src/stm32f3xx_hal_cortex.o
 .text.__NVIC_GetPriorityGrouping
                0x0000000008004e58       0x1c ./Drivers/STM32F3xx_HAL_Driver/Src/stm32f3xx_hal_cortex.o
 .text.__NVIC_EnableIRQ
                0x0000000008004e74       0x3c ./Drivers/STM32F3xx_HAL_Driver/Src/stm32f3xx_hal_cortex.o
 .text.__NVIC_DisableIRQ
                0x0000000008004eb0       0x48 ./Drivers/STM32F3xx_HAL_Driver/Src/stm32f3xx_hal_cortex.o
 .text.__NVIC_SetPriority
                0x0000000008004ef8       0x54 ./Drivers/STM32F3xx_HAL_Driver/Src/stm32f3xx_hal_cortex.o
 .text.NVIC_EncodePriority
                0x0000000008004f4c       0x66 ./Drivers/STM32F3xx_HAL_Driver/Src/stm32f3xx_hal_cortex.o
 *fill*         0x0000000008004fb2        0x2 
 .text.SysTick_Config
                0x0000000008004fb4       0x44 ./Drivers/STM32F3xx_HAL_Driver/Src/stm32f3xx_hal_cortex.o
 .text.HAL_NVIC_SetPriorityGrouping
                0x0000000008004ff8       0x16 ./Drivers/STM32F3xx_HAL_Driver/Src/stm32f3xx_hal_cortex.o
                0x0000000008004ff8                HAL_NVIC_SetPriorityGrouping
 .text.HAL_NVIC_SetPriority
                0x000000000800500e       0x38 ./Drivers/STM32F3xx_HAL_Driver/Src/stm32f3xx_hal_cortex.o
                0x000000000800500e                HAL_NVIC_SetPriority
 .text.HAL_NVIC_EnableIRQ
                0x0000000008005046       0x1c ./Drivers/STM32F3xx_HAL_Driver/Src/stm32f3xx_hal_cortex.o
                0x0000000008005046                HAL_NVIC_EnableIRQ
 .text.HAL_NVIC_DisableIRQ
                0x0000000008005062       0x1c ./Drivers/STM32F3xx_HAL_Driver/Src/stm32f3xx_hal_cortex.o
                0x0000000008005062                HAL_NVIC_DisableIRQ
 .text.HAL_SYSTICK_Config
                0x000000000800507e       0x18 ./Drivers/STM32F3xx_HAL_Driver/Src/stm32f3xx_hal_cortex.o
                0x000000000800507e                HAL_SYSTICK_Config
 *fill*         0x0000000008005096        0x2 
 .text.HAL_GPIO_Init
                0x0000000008005098      0x2e4 ./Drivers/STM32F3xx_HAL_Driver/Src/stm32f3xx_hal_gpio.o
                0x0000000008005098                HAL_GPIO_Init
 .text.HAL_GPIO_WritePin
                0x000000000800537c       0x30 ./Drivers/STM32F3xx_HAL_Driver/Src/stm32f3xx_hal_gpio.o
                0x000000000800537c                HAL_GPIO_WritePin
 .text.HAL_I2C_Init
                0x00000000080053ac      0x11e ./Drivers/STM32F3xx_HAL_Driver/Src/stm32f3xx_hal_i2c.o
                0x00000000080053ac                HAL_I2C_Init
 *fill*         0x00000000080054ca        0x2 
 .text.HAL_I2C_Master_Transmit
                0x00000000080054cc      0x1e8 ./Drivers/STM32F3xx_HAL_Driver/Src/stm32f3xx_hal_i2c.o
                0x00000000080054cc                HAL_I2C_Master_Transmit
 .text.HAL_I2C_Master_Receive
                0x00000000080056b4      0x1ec ./Drivers/STM32F3xx_HAL_Driver/Src/stm32f3xx_hal_i2c.o
                0x00000000080056b4                HAL_I2C_Master_Receive
 .text.I2C_Flush_TXDR
                0x00000000080058a0       0x48 ./Drivers/STM32F3xx_HAL_Driver/Src/stm32f3xx_hal_i2c.o
 .text.I2C_WaitOnFlagUntilTimeout
                0x00000000080058e8       0x9e ./Drivers/STM32F3xx_HAL_Driver/Src/stm32f3xx_hal_i2c.o
 .text.I2C_WaitOnTXISFlagUntilTimeout
                0x0000000008005986       0x8e ./Drivers/STM32F3xx_HAL_Driver/Src/stm32f3xx_hal_i2c.o
 .text.I2C_WaitOnSTOPFlagUntilTimeout
                0x0000000008005a14       0x86 ./Drivers/STM32F3xx_HAL_Driver/Src/stm32f3xx_hal_i2c.o
 *fill*         0x0000000008005a9a        0x2 
 .text.I2C_WaitOnRXNEFlagUntilTimeout
                0x0000000008005a9c      0x104 ./Drivers/STM32F3xx_HAL_Driver/Src/stm32f3xx_hal_i2c.o
 .text.I2C_IsErrorOccurred
                0x0000000008005ba0      0x1c0 ./Drivers/STM32F3xx_HAL_Driver/Src/stm32f3xx_hal_i2c.o
 .text.I2C_TransferConfig
                0x0000000008005d60       0x64 ./Drivers/STM32F3xx_HAL_Driver/Src/stm32f3xx_hal_i2c.o
 .text.HAL_I2CEx_ConfigAnalogFilter
                0x0000000008005dc4       0x96 ./Drivers/STM32F3xx_HAL_Driver/Src/stm32f3xx_hal_i2c_ex.o
                0x0000000008005dc4                HAL_I2CEx_ConfigAnalogFilter
 .text.HAL_I2CEx_ConfigDigitalFilter
                0x0000000008005e5a       0x98 ./Drivers/STM32F3xx_HAL_Driver/Src/stm32f3xx_hal_i2c_ex.o
                0x0000000008005e5a                HAL_I2CEx_ConfigDigitalFilter
 *fill*         0x0000000008005ef2        0x2 
 .text.HAL_RCC_OscConfig
                0x0000000008005ef4     0x107c ./Drivers/STM32F3xx_HAL_Driver/Src/stm32f3xx_hal_rcc.o
                0x0000000008005ef4                HAL_RCC_OscConfig
 .text.HAL_RCC_ClockConfig
                0x0000000008006f70      0x2f8 ./Drivers/STM32F3xx_HAL_Driver/Src/stm32f3xx_hal_rcc.o
                0x0000000008006f70                HAL_RCC_ClockConfig
 .text.HAL_RCC_GetSysClockFreq
                0x0000000008007268       0xd4 ./Drivers/STM32F3xx_HAL_Driver/Src/stm32f3xx_hal_rcc.o
                0x0000000008007268                HAL_RCC_GetSysClockFreq
 .text.HAL_RCC_GetHCLKFreq
                0x000000000800733c       0x18 ./Drivers/STM32F3xx_HAL_Driver/Src/stm32f3xx_hal_rcc.o
                0x000000000800733c                HAL_RCC_GetHCLKFreq
 .text.HAL_RCC_GetPCLK1Freq
                0x0000000008007354       0x44 ./Drivers/STM32F3xx_HAL_Driver/Src/stm32f3xx_hal_rcc.o
                0x0000000008007354                HAL_RCC_GetPCLK1Freq
 .text.HAL_RCC_GetPCLK2Freq
                0x0000000008007398       0x44 ./Drivers/STM32F3xx_HAL_Driver/Src/stm32f3xx_hal_rcc.o
                0x0000000008007398                HAL_RCC_GetPCLK2Freq
 .text.HAL_RCCEx_PeriphCLKConfig
                0x00000000080073dc      0x26c ./Drivers/STM32F3xx_HAL_Driver/Src/stm32f3xx_hal_rcc_ex.o
                0x00000000080073dc                HAL_RCCEx_PeriphCLKConfig
 .text.HAL_SPI_Init
                0x0000000008007648      0x146 ./Drivers/STM32F3xx_HAL_Driver/Src/stm32f3xx_hal_spi.o
                0x0000000008007648                HAL_SPI_Init
 .text.HAL_SPI_Transmit
                0x000000000800778e      0x2ea ./Drivers/STM32F3xx_HAL_Driver/Src/stm32f3xx_hal_spi.o
                0x000000000800778e                HAL_SPI_Transmit
 .text.HAL_SPI_Receive
                0x0000000008007a78      0x26e ./Drivers/STM32F3xx_HAL_Driver/Src/stm32f3xx_hal_spi.o
                0x0000000008007a78                HAL_SPI_Receive
 .text.HAL_SPI_TransmitReceive
                0x0000000008007ce6      0x444 ./Drivers/STM32F3xx_HAL_Driver/Src/stm32f3xx_hal_spi.o
                0x0000000008007ce6                HAL_SPI_TransmitReceive
 *fill*         0x000000000800812a        0x2 
 .text.SPI_WaitFlagStateUntilTimeout
                0x000000000800812c      0x110 ./Drivers/STM32F3xx_HAL_Driver/Src/stm32f3xx_hal_spi.o
 .text.SPI_WaitFifoStateUntilTimeout
                0x000000000800823c      0x12c ./Drivers/STM32F3xx_HAL_Driver/Src/stm32f3xx_hal_spi.o
 .text.SPI_EndRxTransaction
                0x0000000008008368       0xb0 ./Drivers/STM32F3xx_HAL_Driver/Src/stm32f3xx_hal_spi.o
 .text.SPI_EndRxTxTransaction
                0x0000000008008418       0x8c ./Drivers/STM32F3xx_HAL_Driver/Src/stm32f3xx_hal_spi.o
 .text.HAL_TIM_Base_Init
                0x00000000080084a4       0xae ./Drivers/STM32F3xx_HAL_Driver/Src/stm32f3xx_hal_tim.o
                0x00000000080084a4                HAL_TIM_Base_Init
 *fill*         0x0000000008008552        0x2 
 .text.HAL_TIM_Base_Start
                0x0000000008008554       0xa8 ./Drivers/STM32F3xx_HAL_Driver/Src/stm32f3xx_hal_tim.o
                0x0000000008008554                HAL_TIM_Base_Start
 .text.HAL_TIM_Base_Start_IT
                0x00000000080085fc       0xb8 ./Drivers/STM32F3xx_HAL_Driver/Src/stm32f3xx_hal_tim.o
                0x00000000080085fc                HAL_TIM_Base_Start_IT
 .text.HAL_TIM_IRQHandler
                0x00000000080086b4      0x23e ./Drivers/STM32F3xx_HAL_Driver/Src/stm32f3xx_hal_tim.o
                0x00000000080086b4                HAL_TIM_IRQHandler
 .text.HAL_TIM_ConfigClockSource
                0x00000000080088f2      0x192 ./Drivers/STM32F3xx_HAL_Driver/Src/stm32f3xx_hal_tim.o
                0x00000000080088f2                HAL_TIM_ConfigClockSource
 .text.HAL_TIM_OC_DelayElapsedCallback
                0x0000000008008a84       0x14 ./Drivers/STM32F3xx_HAL_Driver/Src/stm32f3xx_hal_tim.o
                0x0000000008008a84                HAL_TIM_OC_DelayElapsedCallback
 .text.HAL_TIM_IC_CaptureCallback
                0x0000000008008a98       0x14 ./Drivers/STM32F3xx_HAL_Driver/Src/stm32f3xx_hal_tim.o
                0x0000000008008a98                HAL_TIM_IC_CaptureCallback
 .text.HAL_TIM_PWM_PulseFinishedCallback
                0x0000000008008aac       0x14 ./Drivers/STM32F3xx_HAL_Driver/Src/stm32f3xx_hal_tim.o
                0x0000000008008aac                HAL_TIM_PWM_PulseFinishedCallback
 .text.HAL_TIM_TriggerCallback
                0x0000000008008ac0       0x14 ./Drivers/STM32F3xx_HAL_Driver/Src/stm32f3xx_hal_tim.o
                0x0000000008008ac0                HAL_TIM_TriggerCallback
 .text.TIM_Base_SetConfig
                0x0000000008008ad4       0xf0 ./Drivers/STM32F3xx_HAL_Driver/Src/stm32f3xx_hal_tim.o
                0x0000000008008ad4                TIM_Base_SetConfig
 .text.TIM_TI1_ConfigInputStage
                0x0000000008008bc4       0x5e ./Drivers/STM32F3xx_HAL_Driver/Src/stm32f3xx_hal_tim.o
 .text.TIM_TI2_ConfigInputStage
                0x0000000008008c22       0x60 ./Drivers/STM32F3xx_HAL_Driver/Src/stm32f3xx_hal_tim.o
 .text.TIM_ITRx_SetConfig
                0x0000000008008c82       0x36 ./Drivers/STM32F3xx_HAL_Driver/Src/stm32f3xx_hal_tim.o
 .text.TIM_ETR_SetConfig
                0x0000000008008cb8       0x40 ./Drivers/STM32F3xx_HAL_Driver/Src/stm32f3xx_hal_tim.o
                0x0000000008008cb8                TIM_ETR_SetConfig
 .text.HAL_TIMEx_MasterConfigSynchronization
                0x0000000008008cf8       0xdc ./Drivers/STM32F3xx_HAL_Driver/Src/stm32f3xx_hal_tim_ex.o
                0x0000000008008cf8                HAL_TIMEx_MasterConfigSynchronization
 .text.HAL_TIMEx_CommutCallback
                0x0000000008008dd4       0x14 ./Drivers/STM32F3xx_HAL_Driver/Src/stm32f3xx_hal_tim_ex.o
                0x0000000008008dd4                HAL_TIMEx_CommutCallback
 .text.HAL_TIMEx_BreakCallback
                0x0000000008008de8       0x14 ./Drivers/STM32F3xx_HAL_Driver/Src/stm32f3xx_hal_tim_ex.o
                0x0000000008008de8                HAL_TIMEx_BreakCallback
 .text.HAL_TIMEx_Break2Callback
                0x0000000008008dfc       0x14 ./Drivers/STM32F3xx_HAL_Driver/Src/stm32f3xx_hal_tim_ex.o
                0x0000000008008dfc                HAL_TIMEx_Break2Callback
 .text.HAL_UART_Init
                0x0000000008008e10       0x9c ./Drivers/STM32F3xx_HAL_Driver/Src/stm32f3xx_hal_uart.o
                0x0000000008008e10                HAL_UART_Init
 .text.HAL_UART_Transmit
                0x0000000008008eac      0x114 ./Drivers/STM32F3xx_HAL_Driver/Src/stm32f3xx_hal_uart.o
                0x0000000008008eac                HAL_UART_Transmit
 .text.UART_SetConfig
                0x0000000008008fc0      0x26c ./Drivers/STM32F3xx_HAL_Driver/Src/stm32f3xx_hal_uart.o
                0x0000000008008fc0                UART_SetConfig
 .text.UART_AdvFeatureConfig
                0x000000000800922c      0x144 ./Drivers/STM32F3xx_HAL_Driver/Src/stm32f3xx_hal_uart.o
                0x000000000800922c                UART_AdvFeatureConfig
 .text.UART_CheckIdleState
                0x0000000008009370      0x150 ./Drivers/STM32F3xx_HAL_Driver/Src/stm32f3xx_hal_uart.o
                0x0000000008009370                UART_CheckIdleState
 .text.UART_WaitOnFlagUntilTimeout
                0x00000000080094c0       0xce ./Drivers/STM32F3xx_HAL_Driver/Src/stm32f3xx_hal_uart.o
                0x00000000080094c0                UART_WaitOnFlagUntilTimeout
 .text.UART_EndRxTransfer
                0x000000000800958e       0xc8 ./Drivers/STM32F3xx_HAL_Driver/Src/stm32f3xx_hal_uart.o
 .text.fmaxf    0x0000000008009656       0x36 /opt/st/stm32cubeide_1.12.1/plugins/com.st.stm32cube.ide.mcu.externaltools.gnu-tools-for-stm32.10.3-2021.10.linux64_1.0.200.202301161003/tools/bin/../lib/gcc/arm-none-eabi/10.3.1/../../../../arm-none-eabi/lib/thumb/v7e-m+fp/hard/libm.a(lib_a-sf_fmax.o)
                0x0000000008009656                fmaxf
 .text.fminf    0x000000000800968c       0x36 /opt/st/stm32cubeide_1.12.1/plugins/com.st.stm32cube.ide.mcu.externaltools.gnu-tools-for-stm32.10.3-2021.10.linux64_1.0.200.202301161003/tools/bin/../lib/gcc/arm-none-eabi/10.3.1/../../../../arm-none-eabi/lib/thumb/v7e-m+fp/hard/libm.a(lib_a-sf_fmin.o)
                0x000000000800968c                fminf
 *fill*         0x00000000080096c2        0x2 
 .text.__fpclassifyf
                0x00000000080096c4       0x38 /opt/st/stm32cubeide_1.12.1/plugins/com.st.stm32cube.ide.mcu.externaltools.gnu-tools-for-stm32.10.3-2021.10.linux64_1.0.200.202301161003/tools/bin/../lib/gcc/arm-none-eabi/10.3.1/../../../../arm-none-eabi/lib/thumb/v7e-m+fp/hard/libm.a(lib_a-sf_fpclassify.o)
                0x00000000080096c4                __fpclassifyf
 .text.__errno  0x00000000080096fc        0xc /opt/st/stm32cubeide_1.12.1/plugins/com.st.stm32cube.ide.mcu.externaltools.gnu-tools-for-stm32.10.3-2021.10.linux64_1.0.200.202301161003/tools/bin/../lib/gcc/arm-none-eabi/10.3.1/../../../../arm-none-eabi/lib/thumb/v7e-m+fp/hard/libc_nano.a(lib_a-errno.o)
                0x00000000080096fc                __errno
 .text.__libc_init_array
                0x0000000008009708       0x48 /opt/st/stm32cubeide_1.12.1/plugins/com.st.stm32cube.ide.mcu.externaltools.gnu-tools-for-stm32.10.3-2021.10.linux64_1.0.200.202301161003/tools/bin/../lib/gcc/arm-none-eabi/10.3.1/../../../../arm-none-eabi/lib/thumb/v7e-m+fp/hard/libc_nano.a(lib_a-init.o)
                0x0000000008009708                __libc_init_array
 .text.memcpy   0x0000000008009750       0x1c /opt/st/stm32cubeide_1.12.1/plugins/com.st.stm32cube.ide.mcu.externaltools.gnu-tools-for-stm32.10.3-2021.10.linux64_1.0.200.202301161003/tools/bin/../lib/gcc/arm-none-eabi/10.3.1/../../../../arm-none-eabi/lib/thumb/v7e-m+fp/hard/libc_nano.a(lib_a-memcpy-stub.o)
                0x0000000008009750                memcpy
 .text.memset   0x000000000800976c       0x10 /opt/st/stm32cubeide_1.12.1/plugins/com.st.stm32cube.ide.mcu.externaltools.gnu-tools-for-stm32.10.3-2021.10.linux64_1.0.200.202301161003/tools/bin/../lib/gcc/arm-none-eabi/10.3.1/../../../../arm-none-eabi/lib/thumb/v7e-m+fp/hard/libc_nano.a(lib_a-memset.o)
                0x000000000800976c                memset
 .text.printf   0x000000000800977c       0x30 /opt/st/stm32cubeide_1.12.1/plugins/com.st.stm32cube.ide.mcu.externaltools.gnu-tools-for-stm32.10.3-2021.10.linux64_1.0.200.202301161003/tools/bin/../lib/gcc/arm-none-eabi/10.3.1/../../../../arm-none-eabi/lib/thumb/v7e-m+fp/hard/libc_nano.a(lib_a-printf.o)
                0x000000000800977c                printf
                0x000000000800977c                iprintf
 .text.std      0x00000000080097ac       0x48 /opt/st/stm32cubeide_1.12.1/plugins/com.st.stm32cube.ide.mcu.externaltools.gnu-tools-for-stm32.10.3-2021.10.linux64_1.0.200.202301161003/tools/bin/../lib/gcc/arm-none-eabi/10.3.1/../../../../arm-none-eabi/lib/thumb/v7e-m+fp/hard/libc_nano.a(lib_a-findfp.o)
 .text._cleanup_r
                0x00000000080097f4        0xc /opt/st/stm32cubeide_1.12.1/plugins/com.st.stm32cube.ide.mcu.externaltools.gnu-tools-for-stm32.10.3-2021.10.linux64_1.0.200.202301161003/tools/bin/../lib/gcc/arm-none-eabi/10.3.1/../../../../arm-none-eabi/lib/thumb/v7e-m+fp/hard/libc_nano.a(lib_a-findfp.o)
                0x00000000080097f4                _cleanup_r
 .text.__sfmoreglue
                0x0000000008009800       0x2c /opt/st/stm32cubeide_1.12.1/plugins/com.st.stm32cube.ide.mcu.externaltools.gnu-tools-for-stm32.10.3-2021.10.linux64_1.0.200.202301161003/tools/bin/../lib/gcc/arm-none-eabi/10.3.1/../../../../arm-none-eabi/lib/thumb/v7e-m+fp/hard/libc_nano.a(lib_a-findfp.o)
                0x0000000008009800                __sfmoreglue
 .text.__sfp_lock_acquire
                0x000000000800982c        0xc /opt/st/stm32cubeide_1.12.1/plugins/com.st.stm32cube.ide.mcu.externaltools.gnu-tools-for-stm32.10.3-2021.10.linux64_1.0.200.202301161003/tools/bin/../lib/gcc/arm-none-eabi/10.3.1/../../../../arm-none-eabi/lib/thumb/v7e-m+fp/hard/libc_nano.a(lib_a-findfp.o)
                0x000000000800982c                __sfp_lock_acquire
 .text.__sfp_lock_release
                0x0000000008009838        0xc /opt/st/stm32cubeide_1.12.1/plugins/com.st.stm32cube.ide.mcu.externaltools.gnu-tools-for-stm32.10.3-2021.10.linux64_1.0.200.202301161003/tools/bin/../lib/gcc/arm-none-eabi/10.3.1/../../../../arm-none-eabi/lib/thumb/v7e-m+fp/hard/libc_nano.a(lib_a-findfp.o)
                0x0000000008009838                __sfp_lock_release
 .text.__sinit_lock_acquire
                0x0000000008009844        0xc /opt/st/stm32cubeide_1.12.1/plugins/com.st.stm32cube.ide.mcu.externaltools.gnu-tools-for-stm32.10.3-2021.10.linux64_1.0.200.202301161003/tools/bin/../lib/gcc/arm-none-eabi/10.3.1/../../../../arm-none-eabi/lib/thumb/v7e-m+fp/hard/libc_nano.a(lib_a-findfp.o)
                0x0000000008009844                __sinit_lock_acquire
 .text.__sinit_lock_release
                0x0000000008009850        0xc /opt/st/stm32cubeide_1.12.1/plugins/com.st.stm32cube.ide.mcu.externaltools.gnu-tools-for-stm32.10.3-2021.10.linux64_1.0.200.202301161003/tools/bin/../lib/gcc/arm-none-eabi/10.3.1/../../../../arm-none-eabi/lib/thumb/v7e-m+fp/hard/libc_nano.a(lib_a-findfp.o)
                0x0000000008009850                __sinit_lock_release
 .text.__sinit  0x000000000800985c       0x70 /opt/st/stm32cubeide_1.12.1/plugins/com.st.stm32cube.ide.mcu.externaltools.gnu-tools-for-stm32.10.3-2021.10.linux64_1.0.200.202301161003/tools/bin/../lib/gcc/arm-none-eabi/10.3.1/../../../../arm-none-eabi/lib/thumb/v7e-m+fp/hard/libc_nano.a(lib_a-findfp.o)
                0x000000000800985c                __sinit
 .text.__sfp    0x00000000080098cc       0x8c /opt/st/stm32cubeide_1.12.1/plugins/com.st.stm32cube.ide.mcu.externaltools.gnu-tools-for-stm32.10.3-2021.10.linux64_1.0.200.202301161003/tools/bin/../lib/gcc/arm-none-eabi/10.3.1/../../../../arm-none-eabi/lib/thumb/v7e-m+fp/hard/libc_nano.a(lib_a-findfp.o)
                0x00000000080098cc                __sfp
 .text._fwalk_reent
                0x0000000008009958       0x3e /opt/st/stm32cubeide_1.12.1/plugins/com.st.stm32cube.ide.mcu.externaltools.gnu-tools-for-stm32.10.3-2021.10.linux64_1.0.200.202301161003/tools/bin/../lib/gcc/arm-none-eabi/10.3.1/../../../../arm-none-eabi/lib/thumb/v7e-m+fp/hard/libc_nano.a(lib_a-fwalk.o)
                0x0000000008009958                _fwalk_reent
 .text.__retarget_lock_init_recursive
                0x0000000008009996        0x2 /opt/st/stm32cubeide_1.12.1/plugins/com.st.stm32cube.ide.mcu.externaltools.gnu-tools-for-stm32.10.3-2021.10.linux64_1.0.200.202301161003/tools/bin/../lib/gcc/arm-none-eabi/10.3.1/../../../../arm-none-eabi/lib/thumb/v7e-m+fp/hard/libc_nano.a(lib_a-lock.o)
                0x0000000008009996                __retarget_lock_init_recursive
 .text.__retarget_lock_acquire_recursive
                0x0000000008009998        0x2 /opt/st/stm32cubeide_1.12.1/plugins/com.st.stm32cube.ide.mcu.externaltools.gnu-tools-for-stm32.10.3-2021.10.linux64_1.0.200.202301161003/tools/bin/../lib/gcc/arm-none-eabi/10.3.1/../../../../arm-none-eabi/lib/thumb/v7e-m+fp/hard/libc_nano.a(lib_a-lock.o)
                0x0000000008009998                __retarget_lock_acquire_recursive
 .text.__retarget_lock_release_recursive
                0x000000000800999a        0x2 /opt/st/stm32cubeide_1.12.1/plugins/com.st.stm32cube.ide.mcu.externaltools.gnu-tools-for-stm32.10.3-2021.10.linux64_1.0.200.202301161003/tools/bin/../lib/gcc/arm-none-eabi/10.3.1/../../../../arm-none-eabi/lib/thumb/v7e-m+fp/hard/libc_nano.a(lib_a-lock.o)
                0x000000000800999a                __retarget_lock_release_recursive
 .text.sbrk_aligned
                0x000000000800999c       0x40 /opt/st/stm32cubeide_1.12.1/plugins/com.st.stm32cube.ide.mcu.externaltools.gnu-tools-for-stm32.10.3-2021.10.linux64_1.0.200.202301161003/tools/bin/../lib/gcc/arm-none-eabi/10.3.1/../../../../arm-none-eabi/lib/thumb/v7e-m+fp/hard/libc_nano.a(lib_a-nano-mallocr.o)
 .text._malloc_r
                0x00000000080099dc       0xe8 /opt/st/stm32cubeide_1.12.1/plugins/com.st.stm32cube.ide.mcu.externaltools.gnu-tools-for-stm32.10.3-2021.10.linux64_1.0.200.202301161003/tools/bin/../lib/gcc/arm-none-eabi/10.3.1/../../../../arm-none-eabi/lib/thumb/v7e-m+fp/hard/libc_nano.a(lib_a-nano-mallocr.o)
                0x00000000080099dc                _malloc_r
 .text.__sfputc_r
                0x0000000008009ac4       0x2e /opt/st/stm32cubeide_1.12.1/plugins/com.st.stm32cube.ide.mcu.externaltools.gnu-tools-for-stm32.10.3-2021.10.linux64_1.0.200.202301161003/tools/bin/../lib/gcc/arm-none-eabi/10.3.1/../../../../arm-none-eabi/lib/thumb/v7e-m+fp/hard/libc_nano.a(lib_a-nano-vfprintf.o)
 .text.__sfputs_r
                0x0000000008009af2       0x24 /opt/st/stm32cubeide_1.12.1/plugins/com.st.stm32cube.ide.mcu.externaltools.gnu-tools-for-stm32.10.3-2021.10.linux64_1.0.200.202301161003/tools/bin/../lib/gcc/arm-none-eabi/10.3.1/../../../../arm-none-eabi/lib/thumb/v7e-m+fp/hard/libc_nano.a(lib_a-nano-vfprintf.o)
                0x0000000008009af2                __sfputs_r
 *fill*         0x0000000008009b16        0x2 
 .text._vfprintf_r
                0x0000000008009b18      0x260 /opt/st/stm32cubeide_1.12.1/plugins/com.st.stm32cube.ide.mcu.externaltools.gnu-tools-for-stm32.10.3-2021.10.linux64_1.0.200.202301161003/tools/bin/../lib/gcc/arm-none-eabi/10.3.1/../../../../arm-none-eabi/lib/thumb/v7e-m+fp/hard/libc_nano.a(lib_a-nano-vfprintf.o)
                0x0000000008009b18                _vfiprintf_r
                0x0000000008009b18                _vfprintf_r
 .text._printf_common
                0x0000000008009d78       0xda /opt/st/stm32cubeide_1.12.1/plugins/com.st.stm32cube.ide.mcu.externaltools.gnu-tools-for-stm32.10.3-2021.10.linux64_1.0.200.202301161003/tools/bin/../lib/gcc/arm-none-eabi/10.3.1/../../../../arm-none-eabi/lib/thumb/v7e-m+fp/hard/libc_nano.a(lib_a-nano-vfprintf_i.o)
                0x0000000008009d78                _printf_common
 *fill*         0x0000000008009e52        0x2 
 .text._printf_i
                0x0000000008009e54      0x24c /opt/st/stm32cubeide_1.12.1/plugins/com.st.stm32cube.ide.mcu.externaltools.gnu-tools-for-stm32.10.3-2021.10.linux64_1.0.200.202301161003/tools/bin/../lib/gcc/arm-none-eabi/10.3.1/../../../../arm-none-eabi/lib/thumb/v7e-m+fp/hard/libc_nano.a(lib_a-nano-vfprintf_i.o)
                0x0000000008009e54                _printf_i
 .text._sbrk_r  0x000000000800a0a0       0x20 /opt/st/stm32cubeide_1.12.1/plugins/com.st.stm32cube.ide.mcu.externaltools.gnu-tools-for-stm32.10.3-2021.10.linux64_1.0.200.202301161003/tools/bin/../lib/gcc/arm-none-eabi/10.3.1/../../../../arm-none-eabi/lib/thumb/v7e-m+fp/hard/libc_nano.a(lib_a-sbrkr.o)
                0x000000000800a0a0                _sbrk_r
 .text.__sread  0x000000000800a0c0       0x22 /opt/st/stm32cubeide_1.12.1/plugins/com.st.stm32cube.ide.mcu.externaltools.gnu-tools-for-stm32.10.3-2021.10.linux64_1.0.200.202301161003/tools/bin/../lib/gcc/arm-none-eabi/10.3.1/../../../../arm-none-eabi/lib/thumb/v7e-m+fp/hard/libc_nano.a(lib_a-stdio.o)
                0x000000000800a0c0                __sread
 .text.__swrite
                0x000000000800a0e2       0x38 /opt/st/stm32cubeide_1.12.1/plugins/com.st.stm32cube.ide.mcu.externaltools.gnu-tools-for-stm32.10.3-2021.10.linux64_1.0.200.202301161003/tools/bin/../lib/gcc/arm-none-eabi/10.3.1/../../../../arm-none-eabi/lib/thumb/v7e-m+fp/hard/libc_nano.a(lib_a-stdio.o)
                0x000000000800a0e2                __swrite
 .text.__sseek  0x000000000800a11a       0x24 /opt/st/stm32cubeide_1.12.1/plugins/com.st.stm32cube.ide.mcu.externaltools.gnu-tools-for-stm32.10.3-2021.10.linux64_1.0.200.202301161003/tools/bin/../lib/gcc/arm-none-eabi/10.3.1/../../../../arm-none-eabi/lib/thumb/v7e-m+fp/hard/libc_nano.a(lib_a-stdio.o)
                0x000000000800a11a                __sseek
 .text.__sclose
                0x000000000800a13e        0x8 /opt/st/stm32cubeide_1.12.1/plugins/com.st.stm32cube.ide.mcu.externaltools.gnu-tools-for-stm32.10.3-2021.10.linux64_1.0.200.202301161003/tools/bin/../lib/gcc/arm-none-eabi/10.3.1/../../../../arm-none-eabi/lib/thumb/v7e-m+fp/hard/libc_nano.a(lib_a-stdio.o)
                0x000000000800a13e                __sclose
 *fill*         0x000000000800a146        0x2 
 .text.__swbuf_r
                0x000000000800a148       0xa4 /opt/st/stm32cubeide_1.12.1/plugins/com.st.stm32cube.ide.mcu.externaltools.gnu-tools-for-stm32.10.3-2021.10.linux64_1.0.200.202301161003/tools/bin/../lib/gcc/arm-none-eabi/10.3.1/../../../../arm-none-eabi/lib/thumb/v7e-m+fp/hard/libc_nano.a(lib_a-wbuf.o)
                0x000000000800a148                __swbuf_r
 .text._write_r
                0x000000000800a1ec       0x24 /opt/st/stm32cubeide_1.12.1/plugins/com.st.stm32cube.ide.mcu.externaltools.gnu-tools-for-stm32.10.3-2021.10.linux64_1.0.200.202301161003/tools/bin/../lib/gcc/arm-none-eabi/10.3.1/../../../../arm-none-eabi/lib/thumb/v7e-m+fp/hard/libc_nano.a(lib_a-writer.o)
                0x000000000800a1ec                _write_r
 .text.__swsetup_r
                0x000000000800a210       0xdc /opt/st/stm32cubeide_1.12.1/plugins/com.st.stm32cube.ide.mcu.externaltools.gnu-tools-for-stm32.10.3-2021.10.linux64_1.0.200.202301161003/tools/bin/../lib/gcc/arm-none-eabi/10.3.1/../../../../arm-none-eabi/lib/thumb/v7e-m+fp/hard/libc_nano.a(lib_a-wsetup.o)
                0x000000000800a210                __swsetup_r
 .text._close_r
                0x000000000800a2ec       0x20 /opt/st/stm32cubeide_1.12.1/plugins/com.st.stm32cube.ide.mcu.externaltools.gnu-tools-for-stm32.10.3-2021.10.linux64_1.0.200.202301161003/tools/bin/../lib/gcc/arm-none-eabi/10.3.1/../../../../arm-none-eabi/lib/thumb/v7e-m+fp/hard/libc_nano.a(lib_a-closer.o)
                0x000000000800a2ec                _close_r
 .text.__sflush_r
                0x000000000800a30c      0x10c /opt/st/stm32cubeide_1.12.1/plugins/com.st.stm32cube.ide.mcu.externaltools.gnu-tools-for-stm32.10.3-2021.10.linux64_1.0.200.202301161003/tools/bin/../lib/gcc/arm-none-eabi/10.3.1/../../../../arm-none-eabi/lib/thumb/v7e-m+fp/hard/libc_nano.a(lib_a-fflush.o)
                0x000000000800a30c                __sflush_r
 .text._fflush_r
                0x000000000800a418       0x78 /opt/st/stm32cubeide_1.12.1/plugins/com.st.stm32cube.ide.mcu.externaltools.gnu-tools-for-stm32.10.3-2021.10.linux64_1.0.200.202301161003/tools/bin/../lib/gcc/arm-none-eabi/10.3.1/../../../../arm-none-eabi/lib/thumb/v7e-m+fp/hard/libc_nano.a(lib_a-fflush.o)
                0x000000000800a418                _fflush_r
 .text._lseek_r
                0x000000000800a490       0x24 /opt/st/stm32cubeide_1.12.1/plugins/com.st.stm32cube.ide.mcu.externaltools.gnu-tools-for-stm32.10.3-2021.10.linux64_1.0.200.202301161003/tools/bin/../lib/gcc/arm-none-eabi/10.3.1/../../../../arm-none-eabi/lib/thumb/v7e-m+fp/hard/libc_nano.a(lib_a-lseekr.o)
                0x000000000800a490                _lseek_r
 .text.__swhatbuf_r
                0x000000000800a4b4       0x4a /opt/st/stm32cubeide_1.12.1/plugins/com.st.stm32cube.ide.mcu.externaltools.gnu-tools-for-stm32.10.3-2021.10.linux64_1.0.200.202301161003/tools/bin/../lib/gcc/arm-none-eabi/10.3.1/../../../../arm-none-eabi/lib/thumb/v7e-m+fp/hard/libc_nano.a(lib_a-makebuf.o)
                0x000000000800a4b4                __swhatbuf_r
 *fill*         0x000000000800a4fe        0x2 
 .text.__smakebuf_r
                0x000000000800a500       0x80 /opt/st/stm32cubeide_1.12.1/plugins/com.st.stm32cube.ide.mcu.externaltools.gnu-tools-for-stm32.10.3-2021.10.linux64_1.0.200.202301161003/tools/bin/../lib/gcc/arm-none-eabi/10.3.1/../../../../arm-none-eabi/lib/thumb/v7e-m+fp/hard/libc_nano.a(lib_a-makebuf.o)
                0x000000000800a500                __smakebuf_r
 .text.__malloc_lock
                0x000000000800a580        0xc /opt/st/stm32cubeide_1.12.1/plugins/com.st.stm32cube.ide.mcu.externaltools.gnu-tools-for-stm32.10.3-2021.10.linux64_1.0.200.202301161003/tools/bin/../lib/gcc/arm-none-eabi/10.3.1/../../../../arm-none-eabi/lib/thumb/v7e-m+fp/hard/libc_nano.a(lib_a-mlock.o)
                0x000000000800a580                __malloc_lock
 .text.__malloc_unlock
                0x000000000800a58c        0xc /opt/st/stm32cubeide_1.12.1/plugins/com.st.stm32cube.ide.mcu.externaltools.gnu-tools-for-stm32.10.3-2021.10.linux64_1.0.200.202301161003/tools/bin/../lib/gcc/arm-none-eabi/10.3.1/../../../../arm-none-eabi/lib/thumb/v7e-m+fp/hard/libc_nano.a(lib_a-mlock.o)
                0x000000000800a58c                __malloc_unlock
 .text._free_r  0x000000000800a598       0x98 /opt/st/stm32cubeide_1.12.1/plugins/com.st.stm32cube.ide.mcu.externaltools.gnu-tools-for-stm32.10.3-2021.10.linux64_1.0.200.202301161003/tools/bin/../lib/gcc/arm-none-eabi/10.3.1/../../../../arm-none-eabi/lib/thumb/v7e-m+fp/hard/libc_nano.a(lib_a-nano-freer.o)
                0x000000000800a598                _free_r
 .text._read_r  0x000000000800a630       0x24 /opt/st/stm32cubeide_1.12.1/plugins/com.st.stm32cube.ide.mcu.externaltools.gnu-tools-for-stm32.10.3-2021.10.linux64_1.0.200.202301161003/tools/bin/../lib/gcc/arm-none-eabi/10.3.1/../../../../arm-none-eabi/lib/thumb/v7e-m+fp/hard/libc_nano.a(lib_a-readr.o)
                0x000000000800a630                _read_r
 .text._fstat_r
                0x000000000800a654       0x24 /opt/st/stm32cubeide_1.12.1/plugins/com.st.stm32cube.ide.mcu.externaltools.gnu-tools-for-stm32.10.3-2021.10.linux64_1.0.200.202301161003/tools/bin/../lib/gcc/arm-none-eabi/10.3.1/../../../../arm-none-eabi/lib/thumb/v7e-m+fp/hard/libc_nano.a(lib_a-fstatr.o)
                0x000000000800a654                _fstat_r
 .text._isatty_r
                0x000000000800a678       0x20 /opt/st/stm32cubeide_1.12.1/plugins/com.st.stm32cube.ide.mcu.externaltools.gnu-tools-for-stm32.10.3-2021.10.linux64_1.0.200.202301161003/tools/bin/../lib/gcc/arm-none-eabi/10.3.1/../../../../arm-none-eabi/lib/thumb/v7e-m+fp/hard/libc_nano.a(lib_a-isattyr.o)
                0x000000000800a678                _isatty_r
 *(.glue_7)
 .glue_7        0x000000000800a698        0x0 linker stubs
 *(.glue_7t)
 .glue_7t       0x000000000800a698        0x0 linker stubs
 *(.eh_frame)
 .eh_frame      0x000000000800a698        0x0 /opt/st/stm32cubeide_1.12.1/plugins/com.st.stm32cube.ide.mcu.externaltools.gnu-tools-for-stm32.10.3-2021.10.linux64_1.0.200.202301161003/tools/bin/../lib/gcc/arm-none-eabi/10.3.1/thumb/v7e-m+fp/hard/crtbegin.o
 *(.init)
 .init          0x000000000800a698        0x4 /opt/st/stm32cubeide_1.12.1/plugins/com.st.stm32cube.ide.mcu.externaltools.gnu-tools-for-stm32.10.3-2021.10.linux64_1.0.200.202301161003/tools/bin/../lib/gcc/arm-none-eabi/10.3.1/thumb/v7e-m+fp/hard/crti.o
                0x000000000800a698                _init
 .init          0x000000000800a69c        0x8 /opt/st/stm32cubeide_1.12.1/plugins/com.st.stm32cube.ide.mcu.externaltools.gnu-tools-for-stm32.10.3-2021.10.linux64_1.0.200.202301161003/tools/bin/../lib/gcc/arm-none-eabi/10.3.1/thumb/v7e-m+fp/hard/crtn.o
 *(.fini)
 .fini          0x000000000800a6a4        0x4 /opt/st/stm32cubeide_1.12.1/plugins/com.st.stm32cube.ide.mcu.externaltools.gnu-tools-for-stm32.10.3-2021.10.linux64_1.0.200.202301161003/tools/bin/../lib/gcc/arm-none-eabi/10.3.1/thumb/v7e-m+fp/hard/crti.o
                0x000000000800a6a4                _fini
 .fini          0x000000000800a6a8        0x8 /opt/st/stm32cubeide_1.12.1/plugins/com.st.stm32cube.ide.mcu.externaltools.gnu-tools-for-stm32.10.3-2021.10.linux64_1.0.200.202301161003/tools/bin/../lib/gcc/arm-none-eabi/10.3.1/thumb/v7e-m+fp/hard/crtn.o
                0x000000000800a6b0                . = ALIGN (0x4)
                0x000000000800a6b0                _etext = .

.vfp11_veneer   0x000000000800a6b0        0x0
 .vfp11_veneer  0x000000000800a6b0        0x0 linker stubs

.v4_bx          0x000000000800a6b0        0x0
 .v4_bx         0x000000000800a6b0        0x0 linker stubs

.iplt           0x000000000800a6b0        0x0
 .iplt          0x000000000800a6b0        0x0 /opt/st/stm32cubeide_1.12.1/plugins/com.st.stm32cube.ide.mcu.externaltools.gnu-tools-for-stm32.10.3-2021.10.linux64_1.0.200.202301161003/tools/bin/../lib/gcc/arm-none-eabi/10.3.1/thumb/v7e-m+fp/hard/crtbegin.o

.rodata         0x000000000800a6b0      0x180
                0x000000000800a6b0                . = ALIGN (0x4)
 *(.rodata)
 .rodata        0x000000000800a6b0       0x50 ./Core/Src/bmp3.o
 .rodata        0x000000000800a700       0x5d ./Core/Src/fingertip.o
 *(.rodata*)
 *fill*         0x000000000800a75d        0x3 
 .rodata.AHBPrescTable
                0x000000000800a760       0x10 ./Core/Src/system_stm32f3xx.o
                0x000000000800a760                AHBPrescTable
 .rodata.APBPrescTable
                0x000000000800a770        0x8 ./Core/Src/system_stm32f3xx.o
                0x000000000800a770                APBPrescTable
 .rodata.aPLLMULFactorTable
                0x000000000800a778       0x10 ./Drivers/STM32F3xx_HAL_Driver/Src/stm32f3xx_hal_rcc.o
 .rodata.aPredivFactorTable
                0x000000000800a788       0x10 ./Drivers/STM32F3xx_HAL_Driver/Src/stm32f3xx_hal_rcc.o
 .rodata._global_impure_ptr
                0x000000000800a798        0x4 /opt/st/stm32cubeide_1.12.1/plugins/com.st.stm32cube.ide.mcu.externaltools.gnu-tools-for-stm32.10.3-2021.10.linux64_1.0.200.202301161003/tools/bin/../lib/gcc/arm-none-eabi/10.3.1/../../../../arm-none-eabi/lib/thumb/v7e-m+fp/hard/libc_nano.a(lib_a-impure.o)
                0x000000000800a798                _global_impure_ptr
 .rodata.__sf_fake_stderr
                0x000000000800a79c       0x20 /opt/st/stm32cubeide_1.12.1/plugins/com.st.stm32cube.ide.mcu.externaltools.gnu-tools-for-stm32.10.3-2021.10.linux64_1.0.200.202301161003/tools/bin/../lib/gcc/arm-none-eabi/10.3.1/../../../../arm-none-eabi/lib/thumb/v7e-m+fp/hard/libc_nano.a(lib_a-findfp.o)
                0x000000000800a79c                __sf_fake_stderr
 .rodata.__sf_fake_stdin
                0x000000000800a7bc       0x20 /opt/st/stm32cubeide_1.12.1/plugins/com.st.stm32cube.ide.mcu.externaltools.gnu-tools-for-stm32.10.3-2021.10.linux64_1.0.200.202301161003/tools/bin/../lib/gcc/arm-none-eabi/10.3.1/../../../../arm-none-eabi/lib/thumb/v7e-m+fp/hard/libc_nano.a(lib_a-findfp.o)
                0x000000000800a7bc                __sf_fake_stdin
 .rodata.__sf_fake_stdout
                0x000000000800a7dc       0x20 /opt/st/stm32cubeide_1.12.1/plugins/com.st.stm32cube.ide.mcu.externaltools.gnu-tools-for-stm32.10.3-2021.10.linux64_1.0.200.202301161003/tools/bin/../lib/gcc/arm-none-eabi/10.3.1/../../../../arm-none-eabi/lib/thumb/v7e-m+fp/hard/libc_nano.a(lib_a-findfp.o)
                0x000000000800a7dc                __sf_fake_stdout
 .rodata._vfprintf_r.str1.1
                0x000000000800a7fc       0x11 /opt/st/stm32cubeide_1.12.1/plugins/com.st.stm32cube.ide.mcu.externaltools.gnu-tools-for-stm32.10.3-2021.10.linux64_1.0.200.202301161003/tools/bin/../lib/gcc/arm-none-eabi/10.3.1/../../../../arm-none-eabi/lib/thumb/v7e-m+fp/hard/libc_nano.a(lib_a-nano-vfprintf.o)
 .rodata._printf_i.str1.1
                0x000000000800a80d       0x22 /opt/st/stm32cubeide_1.12.1/plugins/com.st.stm32cube.ide.mcu.externaltools.gnu-tools-for-stm32.10.3-2021.10.linux64_1.0.200.202301161003/tools/bin/../lib/gcc/arm-none-eabi/10.3.1/../../../../arm-none-eabi/lib/thumb/v7e-m+fp/hard/libc_nano.a(lib_a-nano-vfprintf_i.o)
                0x000000000800a830                . = ALIGN (0x4)
 *fill*         0x000000000800a82f        0x1 

.rel.dyn        0x000000000800a830        0x0
 .rel.iplt      0x000000000800a830        0x0 /opt/st/stm32cubeide_1.12.1/plugins/com.st.stm32cube.ide.mcu.externaltools.gnu-tools-for-stm32.10.3-2021.10.linux64_1.0.200.202301161003/tools/bin/../lib/gcc/arm-none-eabi/10.3.1/thumb/v7e-m+fp/hard/crtbegin.o

.ARM.extab      0x000000000800a830        0x0
                0x000000000800a830                . = ALIGN (0x4)
 *(.ARM.extab* .gnu.linkonce.armextab.*)
                0x000000000800a830                . = ALIGN (0x4)

.ARM            0x000000000800a830        0x0
                0x000000000800a830                . = ALIGN (0x4)
                0x000000000800a830                __exidx_start = .
 *(.ARM.exidx*)
                0x000000000800a830                __exidx_end = .
                0x000000000800a830                . = ALIGN (0x4)

.preinit_array  0x000000000800a830        0x0
                0x000000000800a830                . = ALIGN (0x4)
                0x000000000800a830                PROVIDE (__preinit_array_start = .)
 *(.preinit_array*)
                0x000000000800a830                PROVIDE (__preinit_array_end = .)
                0x000000000800a830                . = ALIGN (0x4)

.init_array     0x000000000800a830        0x8
                0x000000000800a830                . = ALIGN (0x4)
                0x000000000800a830                PROVIDE (__init_array_start = .)
 *(SORT_BY_NAME(.init_array.*))
 *(.init_array*)
 .init_array    0x000000000800a830        0x4 /opt/st/stm32cubeide_1.12.1/plugins/com.st.stm32cube.ide.mcu.externaltools.gnu-tools-for-stm32.10.3-2021.10.linux64_1.0.200.202301161003/tools/bin/../lib/gcc/arm-none-eabi/10.3.1/thumb/v7e-m+fp/hard/crtbegin.o
 .init_array    0x000000000800a834        0x4 ./Core/Src/fingertip.o
                0x000000000800a838                PROVIDE (__init_array_end = .)
                0x000000000800a838                . = ALIGN (0x4)

.fini_array     0x000000000800a838        0x8
                0x000000000800a838                . = ALIGN (0x4)
                [!provide]                        PROVIDE (__fini_array_start = .)
 *(SORT_BY_NAME(.fini_array.*))
 *(.fini_array*)
 .fini_array    0x000000000800a838        0x4 /opt/st/stm32cubeide_1.12.1/plugins/com.st.stm32cube.ide.mcu.externaltools.gnu-tools-for-stm32.10.3-2021.10.linux64_1.0.200.202301161003/tools/bin/../lib/gcc/arm-none-eabi/10.3.1/thumb/v7e-m+fp/hard/crtbegin.o
 .fini_array    0x000000000800a83c        0x4 ./Core/Src/fingertip.o
                [!provide]                        PROVIDE (__fini_array_end = .)
                0x000000000800a840                . = ALIGN (0x4)
                0x000000000800a840                _sidata = LOADADDR (.data)

.data           0x0000000020000000       0x78 load address 0x000000000800a840
                0x0000000020000000                . = ALIGN (0x4)
                0x0000000020000000                _sdata = .
 *(.data)
 *(.data*)
 .data.taddr1   0x0000000020000000        0x1 ./Core/Src/fingertip.o
                0x0000000020000000                taddr1
 .data.taddr2   0x0000000020000001        0x1 ./Core/Src/fingertip.o
                0x0000000020000001                taddr2
 .data.taddr3   0x0000000020000002        0x1 ./Core/Src/fingertip.o
                0x0000000020000002                taddr3
 .data.taddr4   0x0000000020000003        0x1 ./Core/Src/fingertip.o
                0x0000000020000003                taddr4
 .data.taddr5   0x0000000020000004        0x1 ./Core/Src/fingertip.o
                0x0000000020000004                taddr5
 *fill*         0x0000000020000005        0x1 
 .data.range_period
                0x0000000020000006        0x2 ./Core/Src/fingertip.o
                0x0000000020000006                range_period
 .data.SystemCoreClock
                0x0000000020000008        0x4 ./Core/Src/system_stm32f3xx.o
                0x0000000020000008                SystemCoreClock
 .data.uwTickPrio
                0x000000002000000c        0x4 ./Drivers/STM32F3xx_HAL_Driver/Src/stm32f3xx_hal.o
                0x000000002000000c                uwTickPrio
 .data.uwTickFreq
                0x0000000020000010        0x1 ./Drivers/STM32F3xx_HAL_Driver/Src/stm32f3xx_hal.o
                0x0000000020000010                uwTickFreq
 *fill*         0x0000000020000011        0x3 
 .data._impure_ptr
                0x0000000020000014        0x4 /opt/st/stm32cubeide_1.12.1/plugins/com.st.stm32cube.ide.mcu.externaltools.gnu-tools-for-stm32.10.3-2021.10.linux64_1.0.200.202301161003/tools/bin/../lib/gcc/arm-none-eabi/10.3.1/../../../../arm-none-eabi/lib/thumb/v7e-m+fp/hard/libc_nano.a(lib_a-impure.o)
                0x0000000020000014                _impure_ptr
 .data.impure_data
                0x0000000020000018       0x60 /opt/st/stm32cubeide_1.12.1/plugins/com.st.stm32cube.ide.mcu.externaltools.gnu-tools-for-stm32.10.3-2021.10.linux64_1.0.200.202301161003/tools/bin/../lib/gcc/arm-none-eabi/10.3.1/../../../../arm-none-eabi/lib/thumb/v7e-m+fp/hard/libc_nano.a(lib_a-impure.o)
 *(.RamFunc)
 *(.RamFunc*)
                0x0000000020000078                . = ALIGN (0x4)
                0x0000000020000078                _edata = .
                0x000000000800a8b8                _siccmram = LOADADDR (.ccmram)

.igot.plt       0x0000000020000078        0x0 load address 0x000000000800a8b8
 .igot.plt      0x0000000020000078        0x0 /opt/st/stm32cubeide_1.12.1/plugins/com.st.stm32cube.ide.mcu.externaltools.gnu-tools-for-stm32.10.3-2021.10.linux64_1.0.200.202301161003/tools/bin/../lib/gcc/arm-none-eabi/10.3.1/thumb/v7e-m+fp/hard/crtbegin.o

.ccmram         0x0000000010000000        0x0 load address 0x000000000800a8b8
                0x0000000010000000                . = ALIGN (0x4)
                0x0000000010000000                _sccmram = .
 *(.ccmram)
 *(.ccmram*)
                0x0000000010000000                . = ALIGN (0x4)
                0x0000000010000000                _eccmram = .
                0x0000000010000000                . = ALIGN (0x4)

.bss            0x0000000020000078      0xd70
                0x0000000020000078                _sbss = .
                0x0000000020000078                __bss_start__ = _sbss
 *(.bss)
 .bss           0x0000000020000078       0x1c /opt/st/stm32cubeide_1.12.1/plugins/com.st.stm32cube.ide.mcu.externaltools.gnu-tools-for-stm32.10.3-2021.10.linux64_1.0.200.202301161003/tools/bin/../lib/gcc/arm-none-eabi/10.3.1/thumb/v7e-m+fp/hard/crtbegin.o
 *(.bss*)
 .bss.hcan      0x0000000020000094       0x28 ./Core/Src/can.o
                0x0000000020000094                hcan
 *fill*         0x00000000200000bc        0x4 
 .bss.fingertip
                0x00000000200000c0      0x9a0 ./Core/Src/fingertip.o
                0x00000000200000c0                fingertip
 .bss.tof1      0x0000000020000a60        0x8 ./Core/Src/fingertip.o
                0x0000000020000a60                tof1
 .bss.tof2      0x0000000020000a68        0x8 ./Core/Src/fingertip.o
                0x0000000020000a68                tof2
 .bss.tof3      0x0000000020000a70        0x8 ./Core/Src/fingertip.o
                0x0000000020000a70                tof3
 .bss.tof4      0x0000000020000a78        0x8 ./Core/Src/fingertip.o
                0x0000000020000a78                tof4
 .bss.tof5      0x0000000020000a80        0x8 ./Core/Src/fingertip.o
                0x0000000020000a80                tof5
 .bss.range     0x0000000020000a88       0x24 ./Core/Src/fingertip.o
                0x0000000020000a88                range
 .bss.txMsg_t1  0x0000000020000aac       0x18 ./Core/Src/fingertip.o
                0x0000000020000aac                txMsg_t1
 .bss.txMsg_f1  0x0000000020000ac4       0x18 ./Core/Src/fingertip.o
                0x0000000020000ac4                txMsg_f1
 .bss.txMsg_p1  0x0000000020000adc       0x18 ./Core/Src/fingertip.o
                0x0000000020000adc                txMsg_p1
 .bss.txMsg_p2  0x0000000020000af4       0x18 ./Core/Src/fingertip.o
                0x0000000020000af4                txMsg_p2
 .bss.txMsg_p3  0x0000000020000b0c       0x18 ./Core/Src/fingertip.o
                0x0000000020000b0c                txMsg_p3
 .bss.txMsg_p4  0x0000000020000b24       0x18 ./Core/Src/fingertip.o
                0x0000000020000b24                txMsg_p4
 .bss.can_filt  0x0000000020000b3c       0x28 ./Core/Src/fingertip.o
                0x0000000020000b3c                can_filt
 .bss.cmb_t1    0x0000000020000b64        0x4 ./Core/Src/fingertip.o
                0x0000000020000b64                cmb_t1
 .bss.cmb_p1    0x0000000020000b68        0x4 ./Core/Src/fingertip.o
                0x0000000020000b68                cmb_p1
 .bss.cmb_p2    0x0000000020000b6c        0x4 ./Core/Src/fingertip.o
                0x0000000020000b6c                cmb_p2
 .bss.cmb_p3    0x0000000020000b70        0x4 ./Core/Src/fingertip.o
                0x0000000020000b70                cmb_p3
 .bss.cmb_p4    0x0000000020000b74        0x4 ./Core/Src/fingertip.o
                0x0000000020000b74                cmb_p4
 .bss.txMsg_t1_data
                0x0000000020000b78        0x8 ./Core/Src/fingertip.o
                0x0000000020000b78                txMsg_t1_data
 .bss.txMsg_f1_data
                0x0000000020000b80        0x8 ./Core/Src/fingertip.o
                0x0000000020000b80                txMsg_f1_data
 .bss.txMsg_p1_data
                0x0000000020000b88        0x8 ./Core/Src/fingertip.o
                0x0000000020000b88                txMsg_p1_data
 .bss.txMsg_p2_data
                0x0000000020000b90        0x8 ./Core/Src/fingertip.o
                0x0000000020000b90                txMsg_p2_data
 .bss.txMsg_p3_data
                0x0000000020000b98        0x8 ./Core/Src/fingertip.o
                0x0000000020000b98                txMsg_p3_data
 .bss.txMsg_p4_data
                0x0000000020000ba0        0x8 ./Core/Src/fingertip.o
                0x0000000020000ba0                txMsg_p4_data
 .bss.hi2c1     0x0000000020000ba8       0x54 ./Core/Src/i2c.o
                0x0000000020000ba8                hi2c1
 .bss.hspi1     0x0000000020000bfc       0x64 ./Core/Src/spi.o
                0x0000000020000bfc                hspi1
 .bss.__sbrk_heap_end
                0x0000000020000c60        0x4 ./Core/Src/sysmem.o
 .bss.sample_flag
                0x0000000020000c64        0x1 ./Core/Src/tim.o
                0x0000000020000c64                sample_flag
 *fill*         0x0000000020000c65        0x3 
 .bss.htim2     0x0000000020000c68       0x4c ./Core/Src/tim.o
                0x0000000020000c68                htim2
 .bss.htim3     0x0000000020000cb4       0x4c ./Core/Src/tim.o
                0x0000000020000cb4                htim3
 .bss.htim15    0x0000000020000d00       0x4c ./Core/Src/tim.o
                0x0000000020000d00                htim15
 .bss.huart1    0x0000000020000d4c       0x88 ./Core/Src/usart.o
                0x0000000020000d4c                huart1
 .bss.uwTick    0x0000000020000dd4        0x4 ./Drivers/STM32F3xx_HAL_Driver/Src/stm32f3xx_hal.o
                0x0000000020000dd4                uwTick
 .bss.__lock___malloc_recursive_mutex
                0x0000000020000dd8        0x1 /opt/st/stm32cubeide_1.12.1/plugins/com.st.stm32cube.ide.mcu.externaltools.gnu-tools-for-stm32.10.3-2021.10.linux64_1.0.200.202301161003/tools/bin/../lib/gcc/arm-none-eabi/10.3.1/../../../../arm-none-eabi/lib/thumb/v7e-m+fp/hard/libc_nano.a(lib_a-lock.o)
                0x0000000020000dd8                __lock___malloc_recursive_mutex
 .bss.__lock___sfp_recursive_mutex
                0x0000000020000dd9        0x1 /opt/st/stm32cubeide_1.12.1/plugins/com.st.stm32cube.ide.mcu.externaltools.gnu-tools-for-stm32.10.3-2021.10.linux64_1.0.200.202301161003/tools/bin/../lib/gcc/arm-none-eabi/10.3.1/../../../../arm-none-eabi/lib/thumb/v7e-m+fp/hard/libc_nano.a(lib_a-lock.o)
                0x0000000020000dd9                __lock___sfp_recursive_mutex
 .bss.__lock___sinit_recursive_mutex
                0x0000000020000dda        0x1 /opt/st/stm32cubeide_1.12.1/plugins/com.st.stm32cube.ide.mcu.externaltools.gnu-tools-for-stm32.10.3-2021.10.linux64_1.0.200.202301161003/tools/bin/../lib/gcc/arm-none-eabi/10.3.1/../../../../arm-none-eabi/lib/thumb/v7e-m+fp/hard/libc_nano.a(lib_a-lock.o)
                0x0000000020000dda                __lock___sinit_recursive_mutex
 *fill*         0x0000000020000ddb        0x1 
 .bss.__malloc_free_list
                0x0000000020000ddc        0x4 /opt/st/stm32cubeide_1.12.1/plugins/com.st.stm32cube.ide.mcu.externaltools.gnu-tools-for-stm32.10.3-2021.10.linux64_1.0.200.202301161003/tools/bin/../lib/gcc/arm-none-eabi/10.3.1/../../../../arm-none-eabi/lib/thumb/v7e-m+fp/hard/libc_nano.a(lib_a-nano-mallocr.o)
                0x0000000020000ddc                __malloc_free_list
 .bss.__malloc_sbrk_start
                0x0000000020000de0        0x4 /opt/st/stm32cubeide_1.12.1/plugins/com.st.stm32cube.ide.mcu.externaltools.gnu-tools-for-stm32.10.3-2021.10.linux64_1.0.200.202301161003/tools/bin/../lib/gcc/arm-none-eabi/10.3.1/../../../../arm-none-eabi/lib/thumb/v7e-m+fp/hard/libc_nano.a(lib_a-nano-mallocr.o)
                0x0000000020000de0                __malloc_sbrk_start
 .bss.errno     0x0000000020000de4        0x4 /opt/st/stm32cubeide_1.12.1/plugins/com.st.stm32cube.ide.mcu.externaltools.gnu-tools-for-stm32.10.3-2021.10.linux64_1.0.200.202301161003/tools/bin/../lib/gcc/arm-none-eabi/10.3.1/../../../../arm-none-eabi/lib/thumb/v7e-m+fp/hard/libc_nano.a(lib_a-reent.o)
                0x0000000020000de4                errno
 *(COMMON)
                0x0000000020000de8                . = ALIGN (0x4)
                0x0000000020000de8                _ebss = .
                0x0000000020000de8                __bss_end__ = _ebss

._user_heap_stack
                0x0000000020000de8      0x600
                0x0000000020000de8                . = ALIGN (0x8)
                [!provide]                        PROVIDE (end = .)
                0x0000000020000de8                PROVIDE (_end = .)
                0x0000000020000fe8                . = (. + _Min_Heap_Size)
 *fill*         0x0000000020000de8      0x200 
                0x00000000200013e8                . = (. + _Min_Stack_Size)
 *fill*         0x0000000020000fe8      0x400 
                0x00000000200013e8                . = ALIGN (0x8)

/DISCARD/
 libc.a(*)
 libm.a(*)
 libgcc.a(*)

.ARM.attributes
                0x0000000000000000       0x30
 *(.ARM.attributes)
 .ARM.attributes
                0x0000000000000000       0x1e /opt/st/stm32cubeide_1.12.1/plugins/com.st.stm32cube.ide.mcu.externaltools.gnu-tools-for-stm32.10.3-2021.10.linux64_1.0.200.202301161003/tools/bin/../lib/gcc/arm-none-eabi/10.3.1/thumb/v7e-m+fp/hard/crti.o
 .ARM.attributes
                0x000000000000001e       0x34 /opt/st/stm32cubeide_1.12.1/plugins/com.st.stm32cube.ide.mcu.externaltools.gnu-tools-for-stm32.10.3-2021.10.linux64_1.0.200.202301161003/tools/bin/../lib/gcc/arm-none-eabi/10.3.1/thumb/v7e-m+fp/hard/crtbegin.o
 .ARM.attributes
                0x0000000000000052       0x34 ./Core/Src/ForceSensor.o
 .ARM.attributes
                0x0000000000000086       0x34 ./Core/Src/VL6180X.o
 .ARM.attributes
                0x00000000000000ba       0x34 ./Core/Src/bmp3.o
 .ARM.attributes
                0x00000000000000ee       0x34 ./Core/Src/bmp3_funcs.o
 .ARM.attributes
                0x0000000000000122       0x34 ./Core/Src/can.o
 .ARM.attributes
                0x0000000000000156       0x34 ./Core/Src/fingertip.o
 .ARM.attributes
                0x000000000000018a       0x34 ./Core/Src/gpio.o
 .ARM.attributes
                0x00000000000001be       0x34 ./Core/Src/i2c.o
 .ARM.attributes
                0x00000000000001f2       0x34 ./Core/Src/main.o
 .ARM.attributes
                0x0000000000000226       0x34 ./Core/Src/math_ops.o
 .ARM.attributes
                0x000000000000025a       0x34 ./Core/Src/printing.o
 .ARM.attributes
                0x000000000000028e       0x34 ./Core/Src/spi.o
 .ARM.attributes
                0x00000000000002c2       0x34 ./Core/Src/stm32f3xx_hal_msp.o
 .ARM.attributes
                0x00000000000002f6       0x34 ./Core/Src/stm32f3xx_it.o
 .ARM.attributes
                0x000000000000032a       0x34 ./Core/Src/syscalls.o
 .ARM.attributes
                0x000000000000035e       0x34 ./Core/Src/sysmem.o
 .ARM.attributes
                0x0000000000000392       0x34 ./Core/Src/system_stm32f3xx.o
 .ARM.attributes
                0x00000000000003c6       0x34 ./Core/Src/tim.o
 .ARM.attributes
                0x00000000000003fa       0x34 ./Core/Src/usart.o
 .ARM.attributes
                0x000000000000042e       0x21 ./Core/Startup/startup_stm32f334k8ux.o
 .ARM.attributes
                0x000000000000044f       0x34 ./Drivers/STM32F3xx_HAL_Driver/Src/stm32f3xx_hal.o
 .ARM.attributes
                0x0000000000000483       0x34 ./Drivers/STM32F3xx_HAL_Driver/Src/stm32f3xx_hal_can.o
 .ARM.attributes
                0x00000000000004b7       0x34 ./Drivers/STM32F3xx_HAL_Driver/Src/stm32f3xx_hal_cortex.o
 .ARM.attributes
                0x00000000000004eb       0x34 ./Drivers/STM32F3xx_HAL_Driver/Src/stm32f3xx_hal_gpio.o
 .ARM.attributes
                0x000000000000051f       0x34 ./Drivers/STM32F3xx_HAL_Driver/Src/stm32f3xx_hal_i2c.o
 .ARM.attributes
                0x0000000000000553       0x34 ./Drivers/STM32F3xx_HAL_Driver/Src/stm32f3xx_hal_i2c_ex.o
 .ARM.attributes
                0x0000000000000587       0x34 ./Drivers/STM32F3xx_HAL_Driver/Src/stm32f3xx_hal_rcc.o
 .ARM.attributes
                0x00000000000005bb       0x34 ./Drivers/STM32F3xx_HAL_Driver/Src/stm32f3xx_hal_rcc_ex.o
 .ARM.attributes
                0x00000000000005ef       0x34 ./Drivers/STM32F3xx_HAL_Driver/Src/stm32f3xx_hal_spi.o
 .ARM.attributes
                0x0000000000000623       0x34 ./Drivers/STM32F3xx_HAL_Driver/Src/stm32f3xx_hal_tim.o
 .ARM.attributes
                0x0000000000000657       0x34 ./Drivers/STM32F3xx_HAL_Driver/Src/stm32f3xx_hal_tim_ex.o
 .ARM.attributes
                0x000000000000068b       0x34 ./Drivers/STM32F3xx_HAL_Driver/Src/stm32f3xx_hal_uart.o
 .ARM.attributes
                0x00000000000006bf       0x34 /opt/st/stm32cubeide_1.12.1/plugins/com.st.stm32cube.ide.mcu.externaltools.gnu-tools-for-stm32.10.3-2021.10.linux64_1.0.200.202301161003/tools/bin/../lib/gcc/arm-none-eabi/10.3.1/../../../../arm-none-eabi/lib/thumb/v7e-m+fp/hard/libm.a(lib_a-sf_fmax.o)
 .ARM.attributes
                0x00000000000006f3       0x34 /opt/st/stm32cubeide_1.12.1/plugins/com.st.stm32cube.ide.mcu.externaltools.gnu-tools-for-stm32.10.3-2021.10.linux64_1.0.200.202301161003/tools/bin/../lib/gcc/arm-none-eabi/10.3.1/../../../../arm-none-eabi/lib/thumb/v7e-m+fp/hard/libm.a(lib_a-sf_fmin.o)
 .ARM.attributes
                0x0000000000000727       0x34 /opt/st/stm32cubeide_1.12.1/plugins/com.st.stm32cube.ide.mcu.externaltools.gnu-tools-for-stm32.10.3-2021.10.linux64_1.0.200.202301161003/tools/bin/../lib/gcc/arm-none-eabi/10.3.1/../../../../arm-none-eabi/lib/thumb/v7e-m+fp/hard/libm.a(lib_a-sf_fpclassify.o)
 .ARM.attributes
                0x000000000000075b       0x34 /opt/st/stm32cubeide_1.12.1/plugins/com.st.stm32cube.ide.mcu.externaltools.gnu-tools-for-stm32.10.3-2021.10.linux64_1.0.200.202301161003/tools/bin/../lib/gcc/arm-none-eabi/10.3.1/../../../../arm-none-eabi/lib/thumb/v7e-m+fp/hard/libc_nano.a(lib_a-errno.o)
 .ARM.attributes
                0x000000000000078f       0x34 /opt/st/stm32cubeide_1.12.1/plugins/com.st.stm32cube.ide.mcu.externaltools.gnu-tools-for-stm32.10.3-2021.10.linux64_1.0.200.202301161003/tools/bin/../lib/gcc/arm-none-eabi/10.3.1/../../../../arm-none-eabi/lib/thumb/v7e-m+fp/hard/libc_nano.a(lib_a-impure.o)
 .ARM.attributes
                0x00000000000007c3       0x34 /opt/st/stm32cubeide_1.12.1/plugins/com.st.stm32cube.ide.mcu.externaltools.gnu-tools-for-stm32.10.3-2021.10.linux64_1.0.200.202301161003/tools/bin/../lib/gcc/arm-none-eabi/10.3.1/../../../../arm-none-eabi/lib/thumb/v7e-m+fp/hard/libc_nano.a(lib_a-init.o)
 .ARM.attributes
                0x00000000000007f7       0x34 /opt/st/stm32cubeide_1.12.1/plugins/com.st.stm32cube.ide.mcu.externaltools.gnu-tools-for-stm32.10.3-2021.10.linux64_1.0.200.202301161003/tools/bin/../lib/gcc/arm-none-eabi/10.3.1/../../../../arm-none-eabi/lib/thumb/v7e-m+fp/hard/libc_nano.a(lib_a-memcpy-stub.o)
 .ARM.attributes
                0x000000000000082b       0x34 /opt/st/stm32cubeide_1.12.1/plugins/com.st.stm32cube.ide.mcu.externaltools.gnu-tools-for-stm32.10.3-2021.10.linux64_1.0.200.202301161003/tools/bin/../lib/gcc/arm-none-eabi/10.3.1/../../../../arm-none-eabi/lib/thumb/v7e-m+fp/hard/libc_nano.a(lib_a-memset.o)
 .ARM.attributes
                0x000000000000085f       0x34 /opt/st/stm32cubeide_1.12.1/plugins/com.st.stm32cube.ide.mcu.externaltools.gnu-tools-for-stm32.10.3-2021.10.linux64_1.0.200.202301161003/tools/bin/../lib/gcc/arm-none-eabi/10.3.1/../../../../arm-none-eabi/lib/thumb/v7e-m+fp/hard/libc_nano.a(lib_a-printf.o)
 .ARM.attributes
                0x0000000000000893       0x34 /opt/st/stm32cubeide_1.12.1/plugins/com.st.stm32cube.ide.mcu.externaltools.gnu-tools-for-stm32.10.3-2021.10.linux64_1.0.200.202301161003/tools/bin/../lib/gcc/arm-none-eabi/10.3.1/../../../../arm-none-eabi/lib/thumb/v7e-m+fp/hard/libc_nano.a(lib_a-findfp.o)
 .ARM.attributes
                0x00000000000008c7       0x34 /opt/st/stm32cubeide_1.12.1/plugins/com.st.stm32cube.ide.mcu.externaltools.gnu-tools-for-stm32.10.3-2021.10.linux64_1.0.200.202301161003/tools/bin/../lib/gcc/arm-none-eabi/10.3.1/../../../../arm-none-eabi/lib/thumb/v7e-m+fp/hard/libc_nano.a(lib_a-fwalk.o)
 .ARM.attributes
                0x00000000000008fb       0x34 /opt/st/stm32cubeide_1.12.1/plugins/com.st.stm32cube.ide.mcu.externaltools.gnu-tools-for-stm32.10.3-2021.10.linux64_1.0.200.202301161003/tools/bin/../lib/gcc/arm-none-eabi/10.3.1/../../../../arm-none-eabi/lib/thumb/v7e-m+fp/hard/libc_nano.a(lib_a-lock.o)
 .ARM.attributes
                0x000000000000092f       0x34 /opt/st/stm32cubeide_1.12.1/plugins/com.st.stm32cube.ide.mcu.externaltools.gnu-tools-for-stm32.10.3-2021.10.linux64_1.0.200.202301161003/tools/bin/../lib/gcc/arm-none-eabi/10.3.1/../../../../arm-none-eabi/lib/thumb/v7e-m+fp/hard/libc_nano.a(lib_a-nano-mallocr.o)
 .ARM.attributes
                0x0000000000000963       0x34 /opt/st/stm32cubeide_1.12.1/plugins/com.st.stm32cube.ide.mcu.externaltools.gnu-tools-for-stm32.10.3-2021.10.linux64_1.0.200.202301161003/tools/bin/../lib/gcc/arm-none-eabi/10.3.1/../../../../arm-none-eabi/lib/thumb/v7e-m+fp/hard/libc_nano.a(lib_a-nano-vfprintf.o)
 .ARM.attributes
                0x0000000000000997       0x34 /opt/st/stm32cubeide_1.12.1/plugins/com.st.stm32cube.ide.mcu.externaltools.gnu-tools-for-stm32.10.3-2021.10.linux64_1.0.200.202301161003/tools/bin/../lib/gcc/arm-none-eabi/10.3.1/../../../../arm-none-eabi/lib/thumb/v7e-m+fp/hard/libc_nano.a(lib_a-nano-vfprintf_i.o)
 .ARM.attributes
                0x00000000000009cb       0x34 /opt/st/stm32cubeide_1.12.1/plugins/com.st.stm32cube.ide.mcu.externaltools.gnu-tools-for-stm32.10.3-2021.10.linux64_1.0.200.202301161003/tools/bin/../lib/gcc/arm-none-eabi/10.3.1/../../../../arm-none-eabi/lib/thumb/v7e-m+fp/hard/libc_nano.a(lib_a-sbrkr.o)
 .ARM.attributes
                0x00000000000009ff       0x34 /opt/st/stm32cubeide_1.12.1/plugins/com.st.stm32cube.ide.mcu.externaltools.gnu-tools-for-stm32.10.3-2021.10.linux64_1.0.200.202301161003/tools/bin/../lib/gcc/arm-none-eabi/10.3.1/../../../../arm-none-eabi/lib/thumb/v7e-m+fp/hard/libc_nano.a(lib_a-stdio.o)
 .ARM.attributes